[2022-11-10T09:27:31.703+0100][gc,heap] Heap region size: 1M
[2022-11-10T09:27:31.720+0100][gc     ] Using G1
[2022-11-10T09:27:31.720+0100][gc,heap,coops] Heap address: 0x00000000c0000000, size: 1024 MB, Compressed Oops mode: 32-bit
[2022-11-10T09:27:31.720+0100][gc,cds       ] Mark closed archive regions in map: [0x00000000fff00000, 0x00000000fff6aff8]
[2022-11-10T09:27:31.720+0100][gc,cds       ] Mark open archive regions in map: [0x00000000ffe00000, 0x00000000ffe47ff8]
[2022-11-10T09:27:32.982+0100][gc,start     ] GC(0) Pause Young (Normal) (G1 Evacuation Pause)
[2022-11-10T09:27:32.983+0100][gc,task      ] GC(0) Using 4 workers of 4 for evacuation
[2022-11-10T09:27:32.994+0100][gc,phases    ] GC(0)   Pre Evacuate Collection Set: 0.0ms
[2022-11-10T09:27:32.994+0100][gc,phases    ] GC(0)   Evacuate Collection Set: 11.3ms
[2022-11-10T09:27:32.994+0100][gc,phases    ] GC(0)   Post Evacuate Collection Set: 0.4ms
[2022-11-10T09:27:32.995+0100][gc,phases    ] GC(0)   Other: 0.7ms
[2022-11-10T09:27:32.995+0100][gc,heap      ] GC(0) Eden regions: 51->0(44)
[2022-11-10T09:27:32.995+0100][gc,heap      ] GC(0) Survivor regions: 0->7(7)
[2022-11-10T09:27:32.995+0100][gc,heap      ] GC(0) Old regions: 2->2
[2022-11-10T09:27:32.995+0100][gc,heap      ] GC(0) Humongous regions: 0->0
[2022-11-10T09:27:32.995+0100][gc,metaspace ] GC(0) Metaspace: 14417K(15104K)->14417K(15104K) NonClass: 12403K(12800K)->12403K(12800K) Class: 2014K(2304K)->2014K(2304K)
[2022-11-10T09:27:32.995+0100][gc           ] GC(0) Pause Young (Normal) (G1 Evacuation Pause) 51M->7M(1024M) 12.505ms
[2022-11-10T09:27:32.995+0100][gc,cpu       ] GC(0) User=0.05s Sys=0.00s Real=0.01s
[2022-11-10T09:27:33.544+0100][gc,start     ] GC(1) Pause Young (Concurrent Start) (Metadata GC Threshold)
[2022-11-10T09:27:33.544+0100][gc,task      ] GC(1) Using 4 workers of 4 for evacuation
[2022-11-10T09:27:33.560+0100][gc,phases    ] GC(1)   Pre Evacuate Collection Set: 0.1ms
[2022-11-10T09:27:33.560+0100][gc,phases    ] GC(1)   Evacuate Collection Set: 15.8ms
[2022-11-10T09:27:33.560+0100][gc,phases    ] GC(1)   Post Evacuate Collection Set: 0.3ms
[2022-11-10T09:27:33.560+0100][gc,phases    ] GC(1)   Other: 0.3ms
[2022-11-10T09:27:33.560+0100][gc,heap      ] GC(1) Eden regions: 26->0(49)
[2022-11-10T09:27:33.560+0100][gc,heap      ] GC(1) Survivor regions: 7->2(7)
[2022-11-10T09:27:33.560+0100][gc,heap      ] GC(1) Old regions: 2->9
[2022-11-10T09:27:33.560+0100][gc,heap      ] GC(1) Humongous regions: 0->0
[2022-11-10T09:27:33.561+0100][gc,metaspace ] GC(1) Metaspace: 20566K(21248K)->20566K(21248K) NonClass: 17773K(18176K)->17773K(18176K) Class: 2792K(3072K)->2792K(3072K)
[2022-11-10T09:27:33.561+0100][gc           ] GC(1) Pause Young (Concurrent Start) (Metadata GC Threshold) 32M->8M(1024M) 16.551ms
[2022-11-10T09:27:33.561+0100][gc,cpu       ] GC(1) User=0.06s Sys=0.00s Real=0.02s
[2022-11-10T09:27:33.561+0100][gc           ] GC(2) Concurrent Cycle
[2022-11-10T09:27:33.561+0100][gc,marking   ] GC(2) Concurrent Clear Claimed Marks
[2022-11-10T09:27:33.561+0100][gc,marking   ] GC(2) Concurrent Clear Claimed Marks 0.051ms
[2022-11-10T09:27:33.561+0100][gc,marking   ] GC(2) Concurrent Scan Root Regions
[2022-11-10T09:27:33.562+0100][gc,marking   ] GC(2) Concurrent Scan Root Regions 1.286ms
[2022-11-10T09:27:33.562+0100][gc,marking   ] GC(2) Concurrent Mark (1.880s)
[2022-11-10T09:27:33.562+0100][gc,marking   ] GC(2) Concurrent Mark From Roots
[2022-11-10T09:27:33.562+0100][gc,task      ] GC(2) Using 1 workers of 1 for marking
[2022-11-10T09:27:33.575+0100][gc,marking   ] GC(2) Concurrent Mark From Roots 12.518ms
[2022-11-10T09:27:33.575+0100][gc,marking   ] GC(2) Concurrent Preclean
[2022-11-10T09:27:33.575+0100][gc,marking   ] GC(2) Concurrent Preclean 0.165ms
[2022-11-10T09:27:33.575+0100][gc,marking   ] GC(2) Concurrent Mark (1.880s, 1.893s) 12.752ms
[2022-11-10T09:27:33.575+0100][gc,start     ] GC(2) Pause Remark
[2022-11-10T09:27:33.579+0100][gc,stringtable] GC(2) Cleaned string and symbol table, strings: 5264 processed, 0 removed, symbols: 52170 processed, 61 removed
[2022-11-10T09:27:33.579+0100][gc            ] GC(2) Pause Remark 9M->9M(1024M) 4.315ms
[2022-11-10T09:27:33.579+0100][gc,cpu        ] GC(2) User=0.01s Sys=0.00s Real=0.01s
[2022-11-10T09:27:33.579+0100][gc,marking    ] GC(2) Concurrent Rebuild Remembered Sets
[2022-11-10T09:27:33.588+0100][gc,marking    ] GC(2) Concurrent Rebuild Remembered Sets 8.340ms
[2022-11-10T09:27:33.588+0100][gc,start      ] GC(2) Pause Cleanup
[2022-11-10T09:27:33.588+0100][gc            ] GC(2) Pause Cleanup 10M->10M(1024M) 0.238ms
[2022-11-10T09:27:33.588+0100][gc,cpu        ] GC(2) User=0.00s Sys=0.00s Real=0.00s
[2022-11-10T09:27:33.589+0100][gc,marking    ] GC(2) Concurrent Cleanup for Next Mark
[2022-11-10T09:27:33.602+0100][gc,marking    ] GC(2) Concurrent Cleanup for Next Mark 13.268ms
[2022-11-10T09:27:33.602+0100][gc            ] GC(2) Concurrent Cycle 41.283ms
[2022-11-10T09:27:34.663+0100][gc,start      ] GC(3) Pause Young (Normal) (G1 Evacuation Pause)
[2022-11-10T09:27:34.663+0100][gc,task       ] GC(3) Using 4 workers of 4 for evacuation
[2022-11-10T09:27:34.671+0100][gc,phases     ] GC(3)   Pre Evacuate Collection Set: 0.0ms
[2022-11-10T09:27:34.671+0100][gc,phases     ] GC(3)   Evacuate Collection Set: 7.5ms
[2022-11-10T09:27:34.671+0100][gc,phases     ] GC(3)   Post Evacuate Collection Set: 0.3ms
[2022-11-10T09:27:34.671+0100][gc,phases     ] GC(3)   Other: 0.2ms
[2022-11-10T09:27:34.671+0100][gc,heap       ] GC(3) Eden regions: 49->0(46)
[2022-11-10T09:27:34.671+0100][gc,heap       ] GC(3) Survivor regions: 2->5(7)
[2022-11-10T09:27:34.671+0100][gc,heap       ] GC(3) Old regions: 9->9
[2022-11-10T09:27:34.671+0100][gc,heap       ] GC(3) Humongous regions: 129->129
[2022-11-10T09:27:34.671+0100][gc,metaspace  ] GC(3) Metaspace: 28687K(29824K)->28687K(29824K) NonClass: 24987K(25600K)->24987K(25600K) Class: 3699K(4224K)->3699K(4224K)
[2022-11-10T09:27:34.671+0100][gc            ] GC(3) Pause Young (Normal) (G1 Evacuation Pause) 186M->140M(1024M) 8.211ms
[2022-11-10T09:27:34.671+0100][gc,cpu        ] GC(3) User=0.01s Sys=0.00s Real=0.01s
[2022-11-10T09:27:35.397+0100][gc,start      ] GC(4) Pause Young (Concurrent Start) (Metadata GC Threshold)
[2022-11-10T09:27:35.397+0100][gc,task       ] GC(4) Using 4 workers of 4 for evacuation
[2022-11-10T09:27:35.411+0100][gc,phases     ] GC(4)   Pre Evacuate Collection Set: 0.1ms
[2022-11-10T09:27:35.411+0100][gc,phases     ] GC(4)   Evacuate Collection Set: 13.5ms
[2022-11-10T09:27:35.411+0100][gc,phases     ] GC(4)   Post Evacuate Collection Set: 0.7ms
[2022-11-10T09:27:35.411+0100][gc,phases     ] GC(4)   Other: 0.3ms
[2022-11-10T09:27:35.411+0100][gc,heap       ] GC(4) Eden regions: 30->0(45)
[2022-11-10T09:27:35.411+0100][gc,heap       ] GC(4) Survivor regions: 5->6(7)
[2022-11-10T09:27:35.411+0100][gc,heap       ] GC(4) Old regions: 9->10
[2022-11-10T09:27:35.411+0100][gc,heap       ] GC(4) Humongous regions: 129->129
[2022-11-10T09:27:35.411+0100][gc,metaspace  ] GC(4) Metaspace: 34444K(35840K)->34444K(35840K) NonClass: 30067K(30848K)->30067K(30848K) Class: 4376K(4992K)->4376K(4992K)
[2022-11-10T09:27:35.411+0100][gc            ] GC(4) Pause Young (Concurrent Start) (Metadata GC Threshold) 169M->142M(1024M) 14.655ms
[2022-11-10T09:27:35.411+0100][gc,cpu        ] GC(4) User=0.03s Sys=0.01s Real=0.02s
[2022-11-10T09:27:35.412+0100][gc            ] GC(5) Concurrent Cycle
[2022-11-10T09:27:35.412+0100][gc,marking    ] GC(5) Concurrent Clear Claimed Marks
[2022-11-10T09:27:35.412+0100][gc,marking    ] GC(5) Concurrent Clear Claimed Marks 0.094ms
[2022-11-10T09:27:35.412+0100][gc,marking    ] GC(5) Concurrent Scan Root Regions
[2022-11-10T09:27:35.418+0100][gc,marking    ] GC(5) Concurrent Scan Root Regions 5.497ms
[2022-11-10T09:27:35.418+0100][gc,marking    ] GC(5) Concurrent Mark (3.736s)
[2022-11-10T09:27:35.418+0100][gc,marking    ] GC(5) Concurrent Mark From Roots
[2022-11-10T09:27:35.418+0100][gc,task       ] GC(5) Using 1 workers of 1 for marking
[2022-11-10T09:27:35.437+0100][gc,marking    ] GC(5) Concurrent Mark From Roots 19.865ms
[2022-11-10T09:27:35.437+0100][gc,marking    ] GC(5) Concurrent Preclean
[2022-11-10T09:27:35.438+0100][gc,marking    ] GC(5) Concurrent Preclean 0.179ms
[2022-11-10T09:27:35.438+0100][gc,marking    ] GC(5) Concurrent Mark (3.736s, 3.756s) 20.127ms
[2022-11-10T09:27:35.447+0100][gc,start      ] GC(5) Pause Remark
[2022-11-10T09:27:35.454+0100][gc,stringtable] GC(5) Cleaned string and symbol table, strings: 10659 processed, 13 removed, symbols: 84178 processed, 12 removed
[2022-11-10T09:27:35.454+0100][gc            ] GC(5) Pause Remark 144M->144M(1024M) 6.870ms
[2022-11-10T09:27:35.454+0100][gc,cpu        ] GC(5) User=0.02s Sys=0.00s Real=0.00s
[2022-11-10T09:27:35.454+0100][gc,marking    ] GC(5) Concurrent Rebuild Remembered Sets
[2022-11-10T09:27:35.463+0100][gc,marking    ] GC(5) Concurrent Rebuild Remembered Sets 8.798ms
[2022-11-10T09:27:35.482+0100][gc,start      ] GC(5) Pause Cleanup
[2022-11-10T09:27:35.482+0100][gc            ] GC(5) Pause Cleanup 146M->146M(1024M) 0.254ms
[2022-11-10T09:27:35.482+0100][gc,cpu        ] GC(5) User=0.00s Sys=0.00s Real=0.00s
[2022-11-10T09:27:35.482+0100][gc,marking    ] GC(5) Concurrent Cleanup for Next Mark
[2022-11-10T09:27:35.503+0100][gc,marking    ] GC(5) Concurrent Cleanup for Next Mark 20.471ms
[2022-11-10T09:27:35.503+0100][gc            ] GC(5) Concurrent Cycle 91.573ms
[2022-11-10T09:30:30.949+0100][gc,start      ] GC(6) Pause Young (Normal) (G1 Evacuation Pause)
[2022-11-10T09:30:30.949+0100][gc,task       ] GC(6) Using 4 workers of 4 for evacuation
[2022-11-10T09:30:30.966+0100][gc,phases     ] GC(6)   Pre Evacuate Collection Set: 0.0ms
[2022-11-10T09:30:30.966+0100][gc,phases     ] GC(6)   Evacuate Collection Set: 15.3ms
[2022-11-10T09:30:30.966+0100][gc,phases     ] GC(6)   Post Evacuate Collection Set: 1.1ms
[2022-11-10T09:30:30.966+0100][gc,phases     ] GC(6)   Other: 0.3ms
[2022-11-10T09:30:30.966+0100][gc,heap       ] GC(6) Eden regions: 45->0(47)
[2022-11-10T09:30:30.966+0100][gc,heap       ] GC(6) Survivor regions: 6->4(7)
[2022-11-10T09:30:30.966+0100][gc,heap       ] GC(6) Old regions: 10->13
[2022-11-10T09:30:30.966+0100][gc,heap       ] GC(6) Humongous regions: 129->129
[2022-11-10T09:30:30.966+0100][gc,metaspace  ] GC(6) Metaspace: 40793K(43136K)->40793K(43136K) NonClass: 35175K(36352K)->35175K(36352K) Class: 5618K(6784K)->5618K(6784K)
[2022-11-10T09:30:30.966+0100][gc            ] GC(6) Pause Young (Normal) (G1 Evacuation Pause) 187M->144M(1024M) 16.992ms
[2022-11-10T09:30:30.966+0100][gc,cpu        ] GC(6) User=0.04s Sys=0.00s Real=0.01s
[2022-11-10T09:30:31.266+0100][gc,heap,exit  ] Heap
[2022-11-10T09:30:31.266+0100][gc,heap,exit  ]  garbage-first heap   total 1048576K, used 153702K [0x00000000c0000000, 0x0000000100000000)
[2022-11-10T09:30:31.266+0100][gc,heap,exit  ]   region size 1024K, 11 young (11264K), 4 survivors (4096K)
[2022-11-10T09:30:31.266+0100][gc,heap,exit  ]  Metaspace       used 41230K, capacity 43629K, committed 43776K, reserved 1085440K
[2022-11-10T09:30:31.266+0100][gc,heap,exit  ]   class space    used 5727K, capacity 6908K, committed 6912K, reserved 1048576K
