[2022-11-10T04:14:21.366+0100][gc,heap] Heap region size: 1M
[2022-11-10T04:14:21.382+0100][gc     ] Using G1
[2022-11-10T04:14:21.382+0100][gc,heap,coops] Heap address: 0x00000000c0000000, size: 1024 MB, Compressed Oops mode: 32-bit
[2022-11-10T04:14:21.383+0100][gc,cds       ] Mark closed archive regions in map: [0x00000000fff00000, 0x00000000fff6aff8]
[2022-11-10T04:14:21.383+0100][gc,cds       ] Mark open archive regions in map: [0x00000000ffe00000, 0x00000000ffe47ff8]
[2022-11-10T04:14:23.225+0100][gc,start     ] GC(0) Pause Young (Normal) (G1 Evacuation Pause)
[2022-11-10T04:14:23.237+0100][gc,task      ] GC(0) Using 4 workers of 4 for evacuation
[2022-11-10T04:14:23.277+0100][gc,mmu       ] GC(0) MMU target violated: 21.0ms (20.0ms/21.0ms)
[2022-11-10T04:14:23.277+0100][gc,phases    ] GC(0)   Pre Evacuate Collection Set: 0.0ms
[2022-11-10T04:14:23.277+0100][gc,phases    ] GC(0)   Evacuate Collection Set: 38.2ms
[2022-11-10T04:14:23.277+0100][gc,phases    ] GC(0)   Post Evacuate Collection Set: 1.2ms
[2022-11-10T04:14:23.277+0100][gc,phases    ] GC(0)   Other: 12.3ms
[2022-11-10T04:14:23.277+0100][gc,heap      ] GC(0) Eden regions: 51->0(44)
[2022-11-10T04:14:23.277+0100][gc,heap      ] GC(0) Survivor regions: 0->7(7)
[2022-11-10T04:14:23.277+0100][gc,heap      ] GC(0) Old regions: 2->2
[2022-11-10T04:14:23.277+0100][gc,heap      ] GC(0) Humongous regions: 0->0
[2022-11-10T04:14:23.277+0100][gc,metaspace ] GC(0) Metaspace: 14357K->14357K(1062912K)
[2022-11-10T04:14:23.277+0100][gc           ] GC(0) Pause Young (Normal) (G1 Evacuation Pause) 51M->7M(1024M) 51.826ms
[2022-11-10T04:14:23.277+0100][gc,cpu       ] GC(0) User=0.04s Sys=0.00s Real=0.05s
[2022-11-10T04:14:24.150+0100][gc,start     ] GC(1) Pause Young (Concurrent Start) (Metadata GC Threshold)
[2022-11-10T04:14:24.150+0100][gc,task      ] GC(1) Using 4 workers of 4 for evacuation
[2022-11-10T04:14:24.182+0100][gc,mmu       ] GC(1) MMU target violated: 21.0ms (20.0ms/21.0ms)
[2022-11-10T04:14:24.182+0100][gc,phases    ] GC(1)   Pre Evacuate Collection Set: 0.1ms
[2022-11-10T04:14:24.182+0100][gc,phases    ] GC(1)   Evacuate Collection Set: 30.5ms
[2022-11-10T04:14:24.182+0100][gc,phases    ] GC(1)   Post Evacuate Collection Set: 0.4ms
[2022-11-10T04:14:24.182+0100][gc,phases    ] GC(1)   Other: 0.4ms
[2022-11-10T04:14:24.182+0100][gc,heap      ] GC(1) Eden regions: 27->0(50)
[2022-11-10T04:14:24.182+0100][gc,heap      ] GC(1) Survivor regions: 7->1(7)
[2022-11-10T04:14:24.182+0100][gc,heap      ] GC(1) Old regions: 2->9
[2022-11-10T04:14:24.182+0100][gc,heap      ] GC(1) Humongous regions: 0->0
[2022-11-10T04:14:24.182+0100][gc,metaspace ] GC(1) Metaspace: 20555K->20555K(1067008K)
[2022-11-10T04:14:24.182+0100][gc           ] GC(1) Pause Young (Concurrent Start) (Metadata GC Threshold) 33M->8M(1024M) 31.519ms
[2022-11-10T04:14:24.182+0100][gc,cpu       ] GC(1) User=0.04s Sys=0.00s Real=0.03s
[2022-11-10T04:14:24.182+0100][gc           ] GC(2) Concurrent Cycle
[2022-11-10T04:14:24.182+0100][gc,marking   ] GC(2) Concurrent Clear Claimed Marks
[2022-11-10T04:14:24.182+0100][gc,marking   ] GC(2) Concurrent Clear Claimed Marks 0.071ms
[2022-11-10T04:14:24.182+0100][gc,marking   ] GC(2) Concurrent Scan Root Regions
[2022-11-10T04:14:24.183+0100][gc,marking   ] GC(2) Concurrent Scan Root Regions 1.230ms
[2022-11-10T04:14:24.183+0100][gc,marking   ] GC(2) Concurrent Mark (2.840s)
[2022-11-10T04:14:24.183+0100][gc,marking   ] GC(2) Concurrent Mark From Roots
[2022-11-10T04:14:24.183+0100][gc,task      ] GC(2) Using 1 workers of 1 for marking
[2022-11-10T04:14:24.231+0100][gc,marking   ] GC(2) Concurrent Mark From Roots 48.018ms
[2022-11-10T04:14:24.231+0100][gc,marking   ] GC(2) Concurrent Preclean
[2022-11-10T04:14:24.231+0100][gc,marking   ] GC(2) Concurrent Preclean 0.167ms
[2022-11-10T04:14:24.231+0100][gc,marking   ] GC(2) Concurrent Mark (2.840s, 2.888s) 48.272ms
[2022-11-10T04:14:24.232+0100][gc,start     ] GC(2) Pause Remark
[2022-11-10T04:14:24.241+0100][gc,stringtable] GC(2) Cleaned string and symbol table, strings: 5212 processed, 0 removed, symbols: 52049 processed, 59 removed
[2022-11-10T04:14:24.242+0100][gc            ] GC(2) Pause Remark 10M->10M(1024M) 10.373ms
[2022-11-10T04:14:24.242+0100][gc,cpu        ] GC(2) User=0.01s Sys=0.00s Real=0.01s
[2022-11-10T04:14:24.242+0100][gc,marking    ] GC(2) Concurrent Rebuild Remembered Sets
[2022-11-10T04:14:24.249+0100][gc,marking    ] GC(2) Concurrent Rebuild Remembered Sets 6.525ms
[2022-11-10T04:14:24.251+0100][gc,start      ] GC(2) Pause Cleanup
[2022-11-10T04:14:24.252+0100][gc            ] GC(2) Pause Cleanup 10M->10M(1024M) 0.345ms
[2022-11-10T04:14:24.252+0100][gc,cpu        ] GC(2) User=0.00s Sys=0.00s Real=0.00s
[2022-11-10T04:14:24.252+0100][gc,marking    ] GC(2) Concurrent Cleanup for Next Mark
[2022-11-10T04:14:24.285+0100][gc,marking    ] GC(2) Concurrent Cleanup for Next Mark 33.370ms
[2022-11-10T04:14:24.285+0100][gc            ] GC(2) Concurrent Cycle 103.334ms
[2022-11-10T04:14:26.307+0100][gc,start      ] GC(3) Pause Young (Normal) (G1 Evacuation Pause)
[2022-11-10T04:14:26.307+0100][gc,task       ] GC(3) Using 4 workers of 4 for evacuation
[2022-11-10T04:14:26.329+0100][gc,mmu        ] GC(3) MMU target violated: 21.0ms (20.0ms/21.0ms)
[2022-11-10T04:14:26.329+0100][gc,phases     ] GC(3)   Pre Evacuate Collection Set: 0.0ms
[2022-11-10T04:14:26.329+0100][gc,phases     ] GC(3)   Evacuate Collection Set: 21.1ms
[2022-11-10T04:14:26.329+0100][gc,phases     ] GC(3)   Post Evacuate Collection Set: 0.5ms
[2022-11-10T04:14:26.329+0100][gc,phases     ] GC(3)   Other: 0.3ms
[2022-11-10T04:14:26.329+0100][gc,heap       ] GC(3) Eden regions: 50->0(46)
[2022-11-10T04:14:26.329+0100][gc,heap       ] GC(3) Survivor regions: 1->5(7)
[2022-11-10T04:14:26.329+0100][gc,heap       ] GC(3) Old regions: 9->9
[2022-11-10T04:14:26.329+0100][gc,heap       ] GC(3) Humongous regions: 129->129
[2022-11-10T04:14:26.329+0100][gc,metaspace  ] GC(3) Metaspace: 29079K->29079K(1075200K)
[2022-11-10T04:14:26.329+0100][gc            ] GC(3) Pause Young (Normal) (G1 Evacuation Pause) 187M->140M(1024M) 22.012ms
[2022-11-10T04:14:26.329+0100][gc,cpu        ] GC(3) User=0.02s Sys=0.00s Real=0.02s
[2022-11-10T04:14:27.311+0100][gc,start      ] GC(4) Pause Young (Concurrent Start) (Metadata GC Threshold)
[2022-11-10T04:14:27.311+0100][gc,task       ] GC(4) Using 4 workers of 4 for evacuation
[2022-11-10T04:14:27.341+0100][gc,mmu        ] GC(4) MMU target violated: 21.0ms (20.0ms/21.0ms)
[2022-11-10T04:14:27.341+0100][gc,phases     ] GC(4)   Pre Evacuate Collection Set: 0.2ms
[2022-11-10T04:14:27.341+0100][gc,phases     ] GC(4)   Evacuate Collection Set: 28.8ms
[2022-11-10T04:14:27.341+0100][gc,phases     ] GC(4)   Post Evacuate Collection Set: 0.5ms
[2022-11-10T04:14:27.341+0100][gc,phases     ] GC(4)   Other: 0.4ms
[2022-11-10T04:14:27.341+0100][gc,heap       ] GC(4) Eden regions: 28->0(45)
[2022-11-10T04:14:27.341+0100][gc,heap       ] GC(4) Survivor regions: 5->6(7)
[2022-11-10T04:14:27.341+0100][gc,heap       ] GC(4) Old regions: 9->10
[2022-11-10T04:14:27.341+0100][gc,heap       ] GC(4) Humongous regions: 129->129
[2022-11-10T04:14:27.341+0100][gc,metaspace  ] GC(4) Metaspace: 34351K->34351K(1079296K)
[2022-11-10T04:14:27.341+0100][gc            ] GC(4) Pause Young (Concurrent Start) (Metadata GC Threshold) 168M->142M(1024M) 29.970ms
[2022-11-10T04:14:27.341+0100][gc,cpu        ] GC(4) User=0.04s Sys=0.00s Real=0.03s
[2022-11-10T04:14:27.341+0100][gc            ] GC(5) Concurrent Cycle
[2022-11-10T04:14:27.341+0100][gc,marking    ] GC(5) Concurrent Clear Claimed Marks
[2022-11-10T04:14:27.341+0100][gc,marking    ] GC(5) Concurrent Clear Claimed Marks 0.110ms
[2022-11-10T04:14:27.341+0100][gc,marking    ] GC(5) Concurrent Scan Root Regions
[2022-11-10T04:14:27.347+0100][gc,marking    ] GC(5) Concurrent Scan Root Regions 5.979ms
[2022-11-10T04:14:27.347+0100][gc,marking    ] GC(5) Concurrent Mark (6.004s)
[2022-11-10T04:14:27.347+0100][gc,marking    ] GC(5) Concurrent Mark From Roots
[2022-11-10T04:14:27.347+0100][gc,task       ] GC(5) Using 1 workers of 1 for marking
[2022-11-10T04:14:27.372+0100][gc,marking    ] GC(5) Concurrent Mark From Roots 25.171ms
[2022-11-10T04:14:27.373+0100][gc,marking    ] GC(5) Concurrent Preclean
[2022-11-10T04:14:27.373+0100][gc,marking    ] GC(5) Concurrent Preclean 0.159ms
[2022-11-10T04:14:27.373+0100][gc,marking    ] GC(5) Concurrent Mark (6.004s, 6.029s) 25.430ms
[2022-11-10T04:14:27.375+0100][gc,start      ] GC(5) Pause Remark
[2022-11-10T04:14:27.384+0100][gc,stringtable] GC(5) Cleaned string and symbol table, strings: 10633 processed, 12 removed, symbols: 83785 processed, 15 removed
[2022-11-10T04:14:27.384+0100][gc            ] GC(5) Pause Remark 144M->144M(1024M) 8.659ms
[2022-11-10T04:14:27.384+0100][gc,cpu        ] GC(5) User=0.01s Sys=0.00s Real=0.01s
[2022-11-10T04:14:27.384+0100][gc,marking    ] GC(5) Concurrent Rebuild Remembered Sets
[2022-11-10T04:14:27.400+0100][gc,marking    ] GC(5) Concurrent Rebuild Remembered Sets 15.435ms
[2022-11-10T04:14:27.426+0100][gc,start      ] GC(5) Pause Cleanup
[2022-11-10T04:14:27.427+0100][gc            ] GC(5) Pause Cleanup 146M->146M(1024M) 0.551ms
[2022-11-10T04:14:27.427+0100][gc,cpu        ] GC(5) User=0.01s Sys=0.00s Real=0.00s
[2022-11-10T04:14:27.430+0100][gc,marking    ] GC(5) Concurrent Cleanup for Next Mark
[2022-11-10T04:14:27.470+0100][gc,marking    ] GC(5) Concurrent Cleanup for Next Mark 40.104ms
[2022-11-10T04:14:27.470+0100][gc            ] GC(5) Concurrent Cycle 128.868ms
[2022-11-10T04:14:39.310+0100][gc,heap,exit  ] Heap
[2022-11-10T04:14:39.310+0100][gc,heap,exit  ]  garbage-first heap   total 1048576K, used 177555K [0x00000000c0000000, 0x0000000100000000)
[2022-11-10T04:14:39.310+0100][gc,heap,exit  ]   region size 1024K, 39 young (39936K), 6 survivors (6144K)
[2022-11-10T04:14:39.310+0100][gc,heap,exit  ]  Metaspace       used 38286K, capacity 40195K, committed 40448K, reserved 1083392K
[2022-11-10T04:14:39.310+0100][gc,heap,exit  ]   class space    used 5180K, capacity 6092K, committed 6144K, reserved 1048576K
