[2022-11-10T04:21:39.285+0100][gc,heap] Heap region size: 1M
[2022-11-10T04:21:39.346+0100][gc     ] Using G1
[2022-11-10T04:21:39.346+0100][gc,heap,coops] Heap address: 0x00000000c0000000, size: 1024 MB, Compressed Oops mode: 32-bit
[2022-11-10T04:21:39.346+0100][gc,cds       ] Mark closed archive regions in map: [0x00000000fff00000, 0x00000000fff6aff8]
[2022-11-10T04:21:39.346+0100][gc,cds       ] Mark open archive regions in map: [0x00000000ffe00000, 0x00000000ffe47ff8]
[2022-11-10T04:21:41.438+0100][gc,start     ] GC(0) Pause Young (Normal) (G1 Evacuation Pause)
[2022-11-10T04:21:41.440+0100][gc,task      ] GC(0) Using 4 workers of 4 for evacuation
[2022-11-10T04:21:41.494+0100][gc,mmu       ] GC(0) MMU target violated: 21.0ms (20.0ms/21.0ms)
[2022-11-10T04:21:41.494+0100][gc,phases    ] GC(0)   Pre Evacuate Collection Set: 0.0ms
[2022-11-10T04:21:41.494+0100][gc,phases    ] GC(0)   Evacuate Collection Set: 53.5ms
[2022-11-10T04:21:41.494+0100][gc,phases    ] GC(0)   Post Evacuate Collection Set: 0.5ms
[2022-11-10T04:21:41.494+0100][gc,phases    ] GC(0)   Other: 2.4ms
[2022-11-10T04:21:41.494+0100][gc,heap      ] GC(0) Eden regions: 51->0(44)
[2022-11-10T04:21:41.494+0100][gc,heap      ] GC(0) Survivor regions: 0->7(7)
[2022-11-10T04:21:41.494+0100][gc,heap      ] GC(0) Old regions: 2->2
[2022-11-10T04:21:41.494+0100][gc,heap      ] GC(0) Humongous regions: 0->0
[2022-11-10T04:21:41.494+0100][gc,metaspace ] GC(0) Metaspace: 14402K->14402K(1062912K)
[2022-11-10T04:21:41.495+0100][gc           ] GC(0) Pause Young (Normal) (G1 Evacuation Pause) 51M->7M(1024M) 56.599ms
[2022-11-10T04:21:41.495+0100][gc,cpu       ] GC(0) User=0.07s Sys=0.00s Real=0.05s
[2022-11-10T04:21:42.192+0100][gc,start     ] GC(1) Pause Young (Concurrent Start) (Metadata GC Threshold)
[2022-11-10T04:21:42.192+0100][gc,task      ] GC(1) Using 4 workers of 4 for evacuation
[2022-11-10T04:21:42.219+0100][gc,mmu       ] GC(1) MMU target violated: 21.0ms (20.0ms/21.0ms)
[2022-11-10T04:21:42.219+0100][gc,phases    ] GC(1)   Pre Evacuate Collection Set: 0.1ms
[2022-11-10T04:21:42.219+0100][gc,phases    ] GC(1)   Evacuate Collection Set: 26.2ms
[2022-11-10T04:21:42.219+0100][gc,phases    ] GC(1)   Post Evacuate Collection Set: 0.4ms
[2022-11-10T04:21:42.219+0100][gc,phases    ] GC(1)   Other: 0.4ms
[2022-11-10T04:21:42.219+0100][gc,heap      ] GC(1) Eden regions: 26->0(50)
[2022-11-10T04:21:42.219+0100][gc,heap      ] GC(1) Survivor regions: 7->1(7)
[2022-11-10T04:21:42.219+0100][gc,heap      ] GC(1) Old regions: 2->9
[2022-11-10T04:21:42.219+0100][gc,heap      ] GC(1) Humongous regions: 0->0
[2022-11-10T04:21:42.219+0100][gc,metaspace ] GC(1) Metaspace: 20455K->20455K(1067008K)
[2022-11-10T04:21:42.219+0100][gc           ] GC(1) Pause Young (Concurrent Start) (Metadata GC Threshold) 32M->8M(1024M) 27.234ms
[2022-11-10T04:21:42.219+0100][gc,cpu       ] GC(1) User=0.04s Sys=0.01s Real=0.03s
[2022-11-10T04:21:42.219+0100][gc           ] GC(2) Concurrent Cycle
[2022-11-10T04:21:42.219+0100][gc,marking   ] GC(2) Concurrent Clear Claimed Marks
[2022-11-10T04:21:42.220+0100][gc,marking   ] GC(2) Concurrent Clear Claimed Marks 0.102ms
[2022-11-10T04:21:42.220+0100][gc,marking   ] GC(2) Concurrent Scan Root Regions
[2022-11-10T04:21:42.223+0100][gc,marking   ] GC(2) Concurrent Scan Root Regions 3.495ms
[2022-11-10T04:21:42.223+0100][gc,marking   ] GC(2) Concurrent Mark (2.953s)
[2022-11-10T04:21:42.223+0100][gc,marking   ] GC(2) Concurrent Mark From Roots
[2022-11-10T04:21:42.223+0100][gc,task      ] GC(2) Using 1 workers of 1 for marking
[2022-11-10T04:21:42.266+0100][gc,marking   ] GC(2) Concurrent Mark From Roots 42.797ms
[2022-11-10T04:21:42.266+0100][gc,marking   ] GC(2) Concurrent Preclean
[2022-11-10T04:21:42.266+0100][gc,marking   ] GC(2) Concurrent Preclean 0.217ms
[2022-11-10T04:21:42.266+0100][gc,marking   ] GC(2) Concurrent Mark (2.953s, 2.996s) 43.139ms
[2022-11-10T04:21:42.270+0100][gc,start     ] GC(2) Pause Remark
[2022-11-10T04:21:42.282+0100][gc,stringtable] GC(2) Cleaned string and symbol table, strings: 5213 processed, 0 removed, symbols: 52047 processed, 59 removed
[2022-11-10T04:21:42.282+0100][gc            ] GC(2) Pause Remark 10M->10M(1024M) 12.293ms
[2022-11-10T04:21:42.282+0100][gc,cpu        ] GC(2) User=0.01s Sys=0.00s Real=0.01s
[2022-11-10T04:21:42.282+0100][gc,marking    ] GC(2) Concurrent Rebuild Remembered Sets
[2022-11-10T04:21:42.292+0100][gc,marking    ] GC(2) Concurrent Rebuild Remembered Sets 9.050ms
[2022-11-10T04:21:42.294+0100][gc,start      ] GC(2) Pause Cleanup
[2022-11-10T04:21:42.295+0100][gc            ] GC(2) Pause Cleanup 10M->10M(1024M) 0.875ms
[2022-11-10T04:21:42.295+0100][gc,cpu        ] GC(2) User=0.01s Sys=0.00s Real=0.00s
[2022-11-10T04:21:42.296+0100][gc,marking    ] GC(2) Concurrent Cleanup for Next Mark
[2022-11-10T04:21:42.342+0100][gc,marking    ] GC(2) Concurrent Cleanup for Next Mark 46.150ms
[2022-11-10T04:21:42.342+0100][gc            ] GC(2) Concurrent Cycle 122.662ms
[2022-11-10T04:21:43.879+0100][gc,start      ] GC(3) Pause Young (Normal) (G1 Evacuation Pause)
[2022-11-10T04:21:43.879+0100][gc,task       ] GC(3) Using 4 workers of 4 for evacuation
[2022-11-10T04:21:43.891+0100][gc,phases     ] GC(3)   Pre Evacuate Collection Set: 0.0ms
[2022-11-10T04:21:43.891+0100][gc,phases     ] GC(3)   Evacuate Collection Set: 10.9ms
[2022-11-10T04:21:43.891+0100][gc,phases     ] GC(3)   Post Evacuate Collection Set: 0.4ms
[2022-11-10T04:21:43.891+0100][gc,phases     ] GC(3)   Other: 0.7ms
[2022-11-10T04:21:43.891+0100][gc,heap       ] GC(3) Eden regions: 50->0(46)
[2022-11-10T04:21:43.891+0100][gc,heap       ] GC(3) Survivor regions: 1->5(7)
[2022-11-10T04:21:43.891+0100][gc,heap       ] GC(3) Old regions: 9->9
[2022-11-10T04:21:43.891+0100][gc,heap       ] GC(3) Humongous regions: 129->129
[2022-11-10T04:21:43.891+0100][gc,metaspace  ] GC(3) Metaspace: 28660K->28660K(1075200K)
[2022-11-10T04:21:43.892+0100][gc            ] GC(3) Pause Young (Normal) (G1 Evacuation Pause) 186M->140M(1024M) 11.886ms
[2022-11-10T04:21:43.892+0100][gc,cpu        ] GC(3) User=0.02s Sys=0.00s Real=0.01s
[2022-11-10T04:21:44.683+0100][gc,start      ] GC(4) Pause Young (Concurrent Start) (Metadata GC Threshold)
[2022-11-10T04:21:44.683+0100][gc,task       ] GC(4) Using 4 workers of 4 for evacuation
[2022-11-10T04:21:44.699+0100][gc,phases     ] GC(4)   Pre Evacuate Collection Set: 0.3ms
[2022-11-10T04:21:44.699+0100][gc,phases     ] GC(4)   Evacuate Collection Set: 15.9ms
[2022-11-10T04:21:44.700+0100][gc,phases     ] GC(4)   Post Evacuate Collection Set: 0.3ms
[2022-11-10T04:21:44.700+0100][gc,phases     ] GC(4)   Other: 0.5ms
[2022-11-10T04:21:44.700+0100][gc,heap       ] GC(4) Eden regions: 29->0(45)
[2022-11-10T04:21:44.700+0100][gc,heap       ] GC(4) Survivor regions: 5->6(7)
[2022-11-10T04:21:44.700+0100][gc,heap       ] GC(4) Old regions: 9->10
[2022-11-10T04:21:44.700+0100][gc,heap       ] GC(4) Humongous regions: 129->129
[2022-11-10T04:21:44.700+0100][gc,metaspace  ] GC(4) Metaspace: 34293K->34293K(1079296K)
[2022-11-10T04:21:44.700+0100][gc            ] GC(4) Pause Young (Concurrent Start) (Metadata GC Threshold) 168M->142M(1024M) 17.173ms
[2022-11-10T04:21:44.700+0100][gc,cpu        ] GC(4) User=0.03s Sys=0.00s Real=0.02s
[2022-11-10T04:21:44.700+0100][gc            ] GC(5) Concurrent Cycle
[2022-11-10T04:21:44.700+0100][gc,marking    ] GC(5) Concurrent Clear Claimed Marks
[2022-11-10T04:21:44.700+0100][gc,marking    ] GC(5) Concurrent Clear Claimed Marks 0.104ms
[2022-11-10T04:21:44.700+0100][gc,marking    ] GC(5) Concurrent Scan Root Regions
[2022-11-10T04:21:44.706+0100][gc,marking    ] GC(5) Concurrent Scan Root Regions 5.729ms
[2022-11-10T04:21:44.706+0100][gc,marking    ] GC(5) Concurrent Mark (5.436s)
[2022-11-10T04:21:44.706+0100][gc,marking    ] GC(5) Concurrent Mark From Roots
[2022-11-10T04:21:44.706+0100][gc,task       ] GC(5) Using 1 workers of 1 for marking
[2022-11-10T04:21:44.743+0100][gc,marking    ] GC(5) Concurrent Mark From Roots 37.634ms
[2022-11-10T04:21:44.744+0100][gc,marking    ] GC(5) Concurrent Preclean
[2022-11-10T04:21:44.744+0100][gc,marking    ] GC(5) Concurrent Preclean 0.249ms
[2022-11-10T04:21:44.744+0100][gc,marking    ] GC(5) Concurrent Mark (5.436s, 5.474s) 38.067ms
[2022-11-10T04:21:44.748+0100][gc,start      ] GC(5) Pause Remark
[2022-11-10T04:21:44.760+0100][gc,stringtable] GC(5) Cleaned string and symbol table, strings: 10499 processed, 13 removed, symbols: 83876 processed, 15 removed
[2022-11-10T04:21:44.760+0100][gc            ] GC(5) Pause Remark 145M->145M(1024M) 12.149ms
[2022-11-10T04:21:44.760+0100][gc,cpu        ] GC(5) User=0.02s Sys=0.00s Real=0.02s
[2022-11-10T04:21:44.760+0100][gc,marking    ] GC(5) Concurrent Rebuild Remembered Sets
[2022-11-10T04:21:44.847+0100][gc,marking    ] GC(5) Concurrent Rebuild Remembered Sets 86.470ms
[2022-11-10T04:21:44.847+0100][gc,start      ] GC(5) Pause Cleanup
[2022-11-10T04:21:44.847+0100][gc            ] GC(5) Pause Cleanup 147M->147M(1024M) 0.453ms
[2022-11-10T04:21:44.847+0100][gc,cpu        ] GC(5) User=0.00s Sys=0.00s Real=0.00s
[2022-11-10T04:21:44.847+0100][gc,marking    ] GC(5) Concurrent Cleanup for Next Mark
[2022-11-10T04:21:44.871+0100][gc,marking    ] GC(5) Concurrent Cleanup for Next Mark 23.163ms
[2022-11-10T04:21:44.871+0100][gc            ] GC(5) Concurrent Cycle 170.931ms
[2022-11-10T04:31:55.520+0100][gc,start      ] GC(6) Pause Young (Concurrent Start) (G1 Evacuation Pause)
[2022-11-10T04:31:55.521+0100][gc,task       ] GC(6) Using 4 workers of 4 for evacuation
[2022-11-10T04:31:55.582+0100][gc,mmu        ] GC(6) MMU target violated: 21.0ms (20.0ms/21.0ms)
[2022-11-10T04:31:55.582+0100][gc,phases     ] GC(6)   Pre Evacuate Collection Set: 0.6ms
[2022-11-10T04:31:55.582+0100][gc,phases     ] GC(6)   Evacuate Collection Set: 56.5ms
[2022-11-10T04:31:55.582+0100][gc,phases     ] GC(6)   Post Evacuate Collection Set: 1.9ms
[2022-11-10T04:31:55.582+0100][gc,phases     ] GC(6)   Other: 5.5ms
[2022-11-10T04:31:55.582+0100][gc,heap       ] GC(6) Eden regions: 45->0(47)
[2022-11-10T04:31:55.582+0100][gc,heap       ] GC(6) Survivor regions: 6->4(7)
[2022-11-10T04:31:55.582+0100][gc,heap       ] GC(6) Old regions: 10->13
[2022-11-10T04:31:55.582+0100][gc,heap       ] GC(6) Humongous regions: 129->129
[2022-11-10T04:31:55.582+0100][gc,metaspace  ] GC(6) Metaspace: 40831K->40831K(1085440K)
[2022-11-10T04:31:55.582+0100][gc            ] GC(6) Pause Young (Concurrent Start) (G1 Evacuation Pause) 187M->143M(1024M) 62.811ms
[2022-11-10T04:31:55.582+0100][gc,cpu        ] GC(6) User=0.11s Sys=0.02s Real=0.06s
[2022-11-10T04:31:55.583+0100][gc            ] GC(7) Concurrent Cycle
[2022-11-10T04:31:55.583+0100][gc,marking    ] GC(7) Concurrent Clear Claimed Marks
[2022-11-10T04:31:55.583+0100][gc,marking    ] GC(7) Concurrent Clear Claimed Marks 0.223ms
[2022-11-10T04:31:55.583+0100][gc,marking    ] GC(7) Concurrent Scan Root Regions
[2022-11-10T04:31:55.591+0100][gc,marking    ] GC(7) Concurrent Scan Root Regions 8.232ms
[2022-11-10T04:31:55.591+0100][gc,marking    ] GC(7) Concurrent Mark (616.321s)
[2022-11-10T04:31:55.591+0100][gc,marking    ] GC(7) Concurrent Mark From Roots
[2022-11-10T04:31:55.591+0100][gc,task       ] GC(7) Using 1 workers of 1 for marking
[2022-11-10T04:31:55.625+0100][gc,marking    ] GC(7) Concurrent Mark From Roots 33.510ms
[2022-11-10T04:31:55.625+0100][gc,marking    ] GC(7) Concurrent Preclean
[2022-11-10T04:31:55.625+0100][gc,marking    ] GC(7) Concurrent Preclean 0.210ms
[2022-11-10T04:31:55.625+0100][gc,marking    ] GC(7) Concurrent Mark (616.321s, 616.355s) 33.829ms
[2022-11-10T04:31:55.625+0100][gc,start      ] GC(7) Pause Remark
[2022-11-10T04:31:55.636+0100][gc,stringtable] GC(7) Cleaned string and symbol table, strings: 11473 processed, 3 removed, symbols: 90963 processed, 5 removed
[2022-11-10T04:31:55.637+0100][gc            ] GC(7) Pause Remark 144M->144M(1024M) 11.671ms
[2022-11-10T04:31:55.637+0100][gc,cpu        ] GC(7) User=0.02s Sys=0.00s Real=0.01s
[2022-11-10T04:31:55.637+0100][gc,marking    ] GC(7) Concurrent Rebuild Remembered Sets
[2022-11-10T04:31:55.650+0100][gc,marking    ] GC(7) Concurrent Rebuild Remembered Sets 13.239ms
[2022-11-10T04:31:55.650+0100][gc,start      ] GC(7) Pause Cleanup
[2022-11-10T04:31:55.651+0100][gc            ] GC(7) Pause Cleanup 144M->144M(1024M) 0.978ms
[2022-11-10T04:31:55.651+0100][gc,cpu        ] GC(7) User=0.00s Sys=0.00s Real=0.00s
[2022-11-10T04:31:55.651+0100][gc,marking    ] GC(7) Concurrent Cleanup for Next Mark
[2022-11-10T04:31:55.654+0100][gc,marking    ] GC(7) Concurrent Cleanup for Next Mark 2.256ms
[2022-11-10T04:31:55.654+0100][gc            ] GC(7) Concurrent Cycle 71.270ms
[2022-11-10T04:37:18.999+0100][gc,start      ] GC(8) Pause Young (Normal) (G1 Evacuation Pause)
[2022-11-10T04:37:18.999+0100][gc,task       ] GC(8) Using 4 workers of 4 for evacuation
[2022-11-10T04:37:19.016+0100][gc,phases     ] GC(8)   Pre Evacuate Collection Set: 0.0ms
[2022-11-10T04:37:19.016+0100][gc,phases     ] GC(8)   Evacuate Collection Set: 16.1ms
[2022-11-10T04:37:19.016+0100][gc,phases     ] GC(8)   Post Evacuate Collection Set: 0.7ms
[2022-11-10T04:37:19.016+0100][gc,phases     ] GC(8)   Other: 0.3ms
[2022-11-10T04:37:19.016+0100][gc,heap       ] GC(8) Eden regions: 47->0(46)
[2022-11-10T04:37:19.016+0100][gc,heap       ] GC(8) Survivor regions: 4->5(7)
[2022-11-10T04:37:19.016+0100][gc,heap       ] GC(8) Old regions: 13->13
[2022-11-10T04:37:19.016+0100][gc,heap       ] GC(8) Humongous regions: 129->129
[2022-11-10T04:37:19.016+0100][gc,metaspace  ] GC(8) Metaspace: 42001K->42001K(1087488K)
[2022-11-10T04:37:19.016+0100][gc            ] GC(8) Pause Young (Normal) (G1 Evacuation Pause) 190M->144M(1024M) 17.271ms
[2022-11-10T04:37:19.016+0100][gc,cpu        ] GC(8) User=0.02s Sys=0.00s Real=0.01s
[2022-11-10T04:41:50.527+0100][gc,start      ] GC(9) Pause Young (Normal) (G1 Evacuation Pause)
[2022-11-10T04:41:50.527+0100][gc,task       ] GC(9) Using 4 workers of 4 for evacuation
[2022-11-10T04:41:50.566+0100][gc,mmu        ] GC(9) MMU target violated: 21.0ms (20.0ms/21.0ms)
[2022-11-10T04:41:50.567+0100][gc,phases     ] GC(9)   Pre Evacuate Collection Set: 0.1ms
[2022-11-10T04:41:50.567+0100][gc,phases     ] GC(9)   Evacuate Collection Set: 33.3ms
[2022-11-10T04:41:50.567+0100][gc,phases     ] GC(9)   Post Evacuate Collection Set: 5.5ms
[2022-11-10T04:41:50.567+0100][gc,phases     ] GC(9)   Other: 0.7ms
[2022-11-10T04:41:50.567+0100][gc,heap       ] GC(9) Eden regions: 46->0(48)
[2022-11-10T04:41:50.567+0100][gc,heap       ] GC(9) Survivor regions: 5->3(7)
[2022-11-10T04:41:50.567+0100][gc,heap       ] GC(9) Old regions: 13->15
[2022-11-10T04:41:50.567+0100][gc,heap       ] GC(9) Humongous regions: 129->129
[2022-11-10T04:41:50.567+0100][gc,metaspace  ] GC(9) Metaspace: 42055K->42055K(1087488K)
[2022-11-10T04:41:50.567+0100][gc            ] GC(9) Pause Young (Normal) (G1 Evacuation Pause) 190M->144M(1024M) 39.665ms
[2022-11-10T04:41:50.567+0100][gc,cpu        ] GC(9) User=0.07s Sys=0.00s Real=0.04s
