[2022-11-10T10:18:33.029+0100][gc,heap] Heap region size: 1M
[2022-11-10T10:18:33.042+0100][gc     ] Using G1
[2022-11-10T10:18:33.042+0100][gc,heap,coops] Heap address: 0x00000000c0000000, size: 1024 MB, Compressed Oops mode: 32-bit
[2022-11-10T10:18:33.043+0100][gc,cds       ] Mark closed archive regions in map: [0x00000000fff00000, 0x00000000fff6aff8]
[2022-11-10T10:18:33.043+0100][gc,cds       ] Mark open archive regions in map: [0x00000000ffe00000, 0x00000000ffe47ff8]
[2022-11-10T10:18:34.191+0100][gc,start     ] GC(0) Pause Young (Normal) (G1 Evacuation Pause)
[2022-11-10T10:18:34.192+0100][gc,task      ] GC(0) Using 4 workers of 4 for evacuation
[2022-11-10T10:18:34.205+0100][gc,phases    ] GC(0)   Pre Evacuate Collection Set: 0.0ms
[2022-11-10T10:18:34.205+0100][gc,phases    ] GC(0)   Evacuate Collection Set: 12.5ms
[2022-11-10T10:18:34.205+0100][gc,phases    ] GC(0)   Post Evacuate Collection Set: 0.5ms
[2022-11-10T10:18:34.205+0100][gc,phases    ] GC(0)   Other: 0.7ms
[2022-11-10T10:18:34.205+0100][gc,heap      ] GC(0) Eden regions: 51->0(44)
[2022-11-10T10:18:34.205+0100][gc,heap      ] GC(0) Survivor regions: 0->7(7)
[2022-11-10T10:18:34.205+0100][gc,heap      ] GC(0) Old regions: 2->2
[2022-11-10T10:18:34.205+0100][gc,heap      ] GC(0) Humongous regions: 0->0
[2022-11-10T10:18:34.205+0100][gc,metaspace ] GC(0) Metaspace: 14357K(15104K)->14357K(15104K) NonClass: 12349K(12800K)->12349K(12800K) Class: 2007K(2304K)->2007K(2304K)
[2022-11-10T10:18:34.205+0100][gc           ] GC(0) Pause Young (Normal) (G1 Evacuation Pause) 51M->7M(1024M) 13.753ms
[2022-11-10T10:18:34.205+0100][gc,cpu       ] GC(0) User=0.04s Sys=0.00s Real=0.01s
[2022-11-10T10:18:34.639+0100][gc,start     ] GC(1) Pause Young (Concurrent Start) (Metadata GC Threshold)
[2022-11-10T10:18:34.639+0100][gc,task      ] GC(1) Using 4 workers of 4 for evacuation
[2022-11-10T10:18:34.657+0100][gc,phases    ] GC(1)   Pre Evacuate Collection Set: 0.1ms
[2022-11-10T10:18:34.657+0100][gc,phases    ] GC(1)   Evacuate Collection Set: 17.1ms
[2022-11-10T10:18:34.657+0100][gc,phases    ] GC(1)   Post Evacuate Collection Set: 0.8ms
[2022-11-10T10:18:34.657+0100][gc,phases    ] GC(1)   Other: 0.3ms
[2022-11-10T10:18:34.657+0100][gc,heap      ] GC(1) Eden regions: 27->0(50)
[2022-11-10T10:18:34.657+0100][gc,heap      ] GC(1) Survivor regions: 7->1(7)
[2022-11-10T10:18:34.658+0100][gc,heap      ] GC(1) Old regions: 2->9
[2022-11-10T10:18:34.658+0100][gc,heap      ] GC(1) Humongous regions: 0->0
[2022-11-10T10:18:34.658+0100][gc,metaspace ] GC(1) Metaspace: 20559K(21248K)->20559K(21248K) NonClass: 17796K(18176K)->17796K(18176K) Class: 2763K(3072K)->2763K(3072K)
[2022-11-10T10:18:34.658+0100][gc           ] GC(1) Pause Young (Concurrent Start) (Metadata GC Threshold) 33M->8M(1024M) 18.428ms
[2022-11-10T10:18:34.658+0100][gc,cpu       ] GC(1) User=0.04s Sys=0.00s Real=0.02s
[2022-11-10T10:18:34.658+0100][gc           ] GC(2) Concurrent Cycle
[2022-11-10T10:18:34.658+0100][gc,marking   ] GC(2) Concurrent Clear Claimed Marks
[2022-11-10T10:18:34.658+0100][gc,marking   ] GC(2) Concurrent Clear Claimed Marks 0.147ms
[2022-11-10T10:18:34.658+0100][gc,marking   ] GC(2) Concurrent Scan Root Regions
[2022-11-10T10:18:34.660+0100][gc,marking   ] GC(2) Concurrent Scan Root Regions 1.915ms
[2022-11-10T10:18:34.660+0100][gc,marking   ] GC(2) Concurrent Mark (1.652s)
[2022-11-10T10:18:34.660+0100][gc,marking   ] GC(2) Concurrent Mark From Roots
[2022-11-10T10:18:34.660+0100][gc,task      ] GC(2) Using 1 workers of 1 for marking
[2022-11-10T10:18:34.674+0100][gc,marking   ] GC(2) Concurrent Mark From Roots 13.957ms
[2022-11-10T10:18:34.674+0100][gc,marking   ] GC(2) Concurrent Preclean
[2022-11-10T10:18:34.674+0100][gc,marking   ] GC(2) Concurrent Preclean 0.329ms
[2022-11-10T10:18:34.674+0100][gc,marking   ] GC(2) Concurrent Mark (1.652s, 1.667s) 14.447ms
[2022-11-10T10:18:34.679+0100][gc,start     ] GC(2) Pause Remark
[2022-11-10T10:18:34.683+0100][gc,stringtable] GC(2) Cleaned string and symbol table, strings: 5219 processed, 0 removed, symbols: 52127 processed, 59 removed
[2022-11-10T10:18:34.683+0100][gc            ] GC(2) Pause Remark 9M->9M(1024M) 4.169ms
[2022-11-10T10:18:34.683+0100][gc,cpu        ] GC(2) User=0.01s Sys=0.00s Real=0.01s
[2022-11-10T10:18:34.683+0100][gc,marking    ] GC(2) Concurrent Rebuild Remembered Sets
[2022-11-10T10:18:34.692+0100][gc,marking    ] GC(2) Concurrent Rebuild Remembered Sets 8.774ms
[2022-11-10T10:18:34.692+0100][gc,start      ] GC(2) Pause Cleanup
[2022-11-10T10:18:34.693+0100][gc            ] GC(2) Pause Cleanup 10M->10M(1024M) 0.572ms
[2022-11-10T10:18:34.693+0100][gc,cpu        ] GC(2) User=0.00s Sys=0.00s Real=0.00s
[2022-11-10T10:18:34.693+0100][gc,marking    ] GC(2) Concurrent Cleanup for Next Mark
[2022-11-10T10:18:34.707+0100][gc,marking    ] GC(2) Concurrent Cleanup for Next Mark 13.475ms
[2022-11-10T10:18:34.707+0100][gc            ] GC(2) Concurrent Cycle 49.215ms
[2022-11-10T10:18:35.522+0100][gc,start      ] GC(3) Pause Young (Normal) (G1 Evacuation Pause)
[2022-11-10T10:18:35.522+0100][gc,task       ] GC(3) Using 4 workers of 4 for evacuation
[2022-11-10T10:18:35.527+0100][gc,phases     ] GC(3)   Pre Evacuate Collection Set: 0.0ms
[2022-11-10T10:18:35.527+0100][gc,phases     ] GC(3)   Evacuate Collection Set: 4.3ms
[2022-11-10T10:18:35.527+0100][gc,phases     ] GC(3)   Post Evacuate Collection Set: 0.5ms
[2022-11-10T10:18:35.527+0100][gc,phases     ] GC(3)   Other: 0.2ms
[2022-11-10T10:18:35.527+0100][gc,heap       ] GC(3) Eden regions: 50->0(46)
[2022-11-10T10:18:35.527+0100][gc,heap       ] GC(3) Survivor regions: 1->5(7)
[2022-11-10T10:18:35.527+0100][gc,heap       ] GC(3) Old regions: 9->9
[2022-11-10T10:18:35.527+0100][gc,heap       ] GC(3) Humongous regions: 129->129
[2022-11-10T10:18:35.527+0100][gc,metaspace  ] GC(3) Metaspace: 29090K(30336K)->29090K(30336K) NonClass: 25374K(26112K)->25374K(26112K) Class: 3716K(4224K)->3716K(4224K)
[2022-11-10T10:18:35.527+0100][gc            ] GC(3) Pause Young (Normal) (G1 Evacuation Pause) 187M->140M(1024M) 5.077ms
[2022-11-10T10:18:35.528+0100][gc,cpu        ] GC(3) User=0.02s Sys=0.00s Real=0.00s
[2022-11-10T10:18:35.993+0100][gc,start      ] GC(4) Pause Young (Concurrent Start) (Metadata GC Threshold)
[2022-11-10T10:18:35.993+0100][gc,task       ] GC(4) Using 4 workers of 4 for evacuation
[2022-11-10T10:18:36.005+0100][gc,phases     ] GC(4)   Pre Evacuate Collection Set: 0.1ms
[2022-11-10T10:18:36.005+0100][gc,phases     ] GC(4)   Evacuate Collection Set: 10.8ms
[2022-11-10T10:18:36.005+0100][gc,phases     ] GC(4)   Post Evacuate Collection Set: 0.4ms
[2022-11-10T10:18:36.005+0100][gc,phases     ] GC(4)   Other: 0.3ms
[2022-11-10T10:18:36.005+0100][gc,heap       ] GC(4) Eden regions: 31->0(45)
[2022-11-10T10:18:36.005+0100][gc,heap       ] GC(4) Survivor regions: 5->6(7)
[2022-11-10T10:18:36.005+0100][gc,heap       ] GC(4) Old regions: 9->10
[2022-11-10T10:18:36.005+0100][gc,heap       ] GC(4) Humongous regions: 129->129
[2022-11-10T10:18:36.005+0100][gc,metaspace  ] GC(4) Metaspace: 34539K(35840K)->34539K(35840K) NonClass: 30219K(30976K)->30219K(30976K) Class: 4319K(4864K)->4319K(4864K)
[2022-11-10T10:18:36.005+0100][gc            ] GC(4) Pause Young (Concurrent Start) (Metadata GC Threshold) 171M->142M(1024M) 11.605ms
[2022-11-10T10:18:36.005+0100][gc,cpu        ] GC(4) User=0.04s Sys=0.00s Real=0.01s
[2022-11-10T10:18:36.005+0100][gc            ] GC(5) Concurrent Cycle
[2022-11-10T10:18:36.005+0100][gc,marking    ] GC(5) Concurrent Clear Claimed Marks
[2022-11-10T10:18:36.005+0100][gc,marking    ] GC(5) Concurrent Clear Claimed Marks 0.090ms
[2022-11-10T10:18:36.005+0100][gc,marking    ] GC(5) Concurrent Scan Root Regions
[2022-11-10T10:18:36.009+0100][gc,marking    ] GC(5) Concurrent Scan Root Regions 4.529ms
[2022-11-10T10:18:36.010+0100][gc,marking    ] GC(5) Concurrent Mark (3.002s)
[2022-11-10T10:18:36.010+0100][gc,marking    ] GC(5) Concurrent Mark From Roots
[2022-11-10T10:18:36.010+0100][gc,task       ] GC(5) Using 1 workers of 1 for marking
[2022-11-10T10:18:36.026+0100][gc,marking    ] GC(5) Concurrent Mark From Roots 16.048ms
[2022-11-10T10:18:36.026+0100][gc,marking    ] GC(5) Concurrent Preclean
[2022-11-10T10:18:36.026+0100][gc,marking    ] GC(5) Concurrent Preclean 0.174ms
[2022-11-10T10:18:36.026+0100][gc,marking    ] GC(5) Concurrent Mark (3.002s, 3.018s) 16.289ms
[2022-11-10T10:18:36.026+0100][gc,start      ] GC(5) Pause Remark
[2022-11-10T10:18:36.035+0100][gc,stringtable] GC(5) Cleaned string and symbol table, strings: 10611 processed, 13 removed, symbols: 84765 processed, 14 removed
[2022-11-10T10:18:36.035+0100][gc            ] GC(5) Pause Remark 143M->143M(1024M) 9.177ms
[2022-11-10T10:18:36.035+0100][gc,cpu        ] GC(5) User=0.03s Sys=0.00s Real=0.01s
[2022-11-10T10:18:36.037+0100][gc,marking    ] GC(5) Concurrent Rebuild Remembered Sets
[2022-11-10T10:18:36.046+0100][gc,marking    ] GC(5) Concurrent Rebuild Remembered Sets 9.580ms
[2022-11-10T10:18:36.047+0100][gc,start      ] GC(5) Pause Cleanup
[2022-11-10T10:18:36.047+0100][gc            ] GC(5) Pause Cleanup 144M->144M(1024M) 0.398ms
[2022-11-10T10:18:36.047+0100][gc,cpu        ] GC(5) User=0.00s Sys=0.00s Real=0.00s
[2022-11-10T10:18:36.047+0100][gc,marking    ] GC(5) Concurrent Cleanup for Next Mark
[2022-11-10T10:18:36.060+0100][gc,marking    ] GC(5) Concurrent Cleanup for Next Mark 12.425ms
[2022-11-10T10:18:36.060+0100][gc            ] GC(5) Concurrent Cycle 54.770ms
[2022-11-10T10:21:52.672+0100][gc,start      ] GC(6) Pause Young (Normal) (G1 Evacuation Pause)
[2022-11-10T10:21:52.672+0100][gc,task       ] GC(6) Using 4 workers of 4 for evacuation
[2022-11-10T10:21:52.689+0100][gc,phases     ] GC(6)   Pre Evacuate Collection Set: 0.0ms
[2022-11-10T10:21:52.689+0100][gc,phases     ] GC(6)   Evacuate Collection Set: 16.1ms
[2022-11-10T10:21:52.689+0100][gc,phases     ] GC(6)   Post Evacuate Collection Set: 0.6ms
[2022-11-10T10:21:52.689+0100][gc,phases     ] GC(6)   Other: 0.2ms
[2022-11-10T10:21:52.689+0100][gc,heap       ] GC(6) Eden regions: 45->0(46)
[2022-11-10T10:21:52.689+0100][gc,heap       ] GC(6) Survivor regions: 6->5(7)
[2022-11-10T10:21:52.689+0100][gc,heap       ] GC(6) Old regions: 10->12
[2022-11-10T10:21:52.689+0100][gc,heap       ] GC(6) Humongous regions: 129->0
[2022-11-10T10:21:52.689+0100][gc,metaspace  ] GC(6) Metaspace: 41132K(43520K)->41132K(43520K) NonClass: 35651K(36864K)->35651K(36864K) Class: 5480K(6656K)->5480K(6656K)
[2022-11-10T10:21:52.689+0100][gc            ] GC(6) Pause Young (Normal) (G1 Evacuation Pause) 187M->15M(1024M) 17.043ms
[2022-11-10T10:21:52.689+0100][gc,cpu        ] GC(6) User=0.05s Sys=0.00s Real=0.01s
[2022-11-10T10:21:53.002+0100][gc,heap,exit  ] Heap
[2022-11-10T10:21:53.002+0100][gc,heap,exit  ]  garbage-first heap   total 1048576K, used 19513K [0x00000000c0000000, 0x0000000100000000)
[2022-11-10T10:21:53.002+0100][gc,heap,exit  ]   region size 1024K, 10 young (10240K), 5 survivors (5120K)
[2022-11-10T10:21:53.002+0100][gc,heap,exit  ]  Metaspace       used 41493K, capacity 43773K, committed 44032K, reserved 1087488K
[2022-11-10T10:21:53.002+0100][gc,heap,exit  ]   class space    used 5555K, capacity 6631K, committed 6656K, reserved 1048576K
