[2022-11-10T04:46:45.970+0100][gc,heap] Heap region size: 1M
[2022-11-10T04:46:45.985+0100][gc     ] Using G1
[2022-11-10T04:46:45.985+0100][gc,heap,coops] Heap address: 0x00000000c0000000, size: 1024 MB, Compressed Oops mode: 32-bit
[2022-11-10T04:46:45.985+0100][gc,cds       ] Mark closed archive regions in map: [0x00000000fff00000, 0x00000000fff6aff8]
[2022-11-10T04:46:45.985+0100][gc,cds       ] Mark open archive regions in map: [0x00000000ffe00000, 0x00000000ffe47ff8]
[2022-11-10T04:46:47.977+0100][gc,start     ] GC(0) Pause Young (Normal) (G1 Evacuation Pause)
[2022-11-10T04:46:47.977+0100][gc,task      ] GC(0) Using 4 workers of 4 for evacuation
[2022-11-10T04:46:47.998+0100][gc,mmu       ] GC(0) MMU target violated: 20.8ms (20.0ms/21.0ms)
[2022-11-10T04:46:47.998+0100][gc,phases    ] GC(0)   Pre Evacuate Collection Set: 0.0ms
[2022-11-10T04:46:47.998+0100][gc,phases    ] GC(0)   Evacuate Collection Set: 19.6ms
[2022-11-10T04:46:47.998+0100][gc,phases    ] GC(0)   Post Evacuate Collection Set: 1.0ms
[2022-11-10T04:46:47.998+0100][gc,phases    ] GC(0)   Other: 0.7ms
[2022-11-10T04:46:47.998+0100][gc,heap      ] GC(0) Eden regions: 51->0(44)
[2022-11-10T04:46:47.998+0100][gc,heap      ] GC(0) Survivor regions: 0->7(7)
[2022-11-10T04:46:47.998+0100][gc,heap      ] GC(0) Old regions: 2->2
[2022-11-10T04:46:47.998+0100][gc,heap      ] GC(0) Humongous regions: 0->0
[2022-11-10T04:46:47.998+0100][gc,metaspace ] GC(0) Metaspace: 14343K->14343K(1062912K)
[2022-11-10T04:46:47.998+0100][gc           ] GC(0) Pause Young (Normal) (G1 Evacuation Pause) 51M->7M(1024M) 21.437ms
[2022-11-10T04:46:47.998+0100][gc,cpu       ] GC(0) User=0.03s Sys=0.01s Real=0.03s
[2022-11-10T04:46:48.744+0100][gc,start     ] GC(1) Pause Young (Concurrent Start) (Metadata GC Threshold)
[2022-11-10T04:46:48.744+0100][gc,task      ] GC(1) Using 4 workers of 4 for evacuation
[2022-11-10T04:46:48.761+0100][gc,phases    ] GC(1)   Pre Evacuate Collection Set: 0.1ms
[2022-11-10T04:46:48.761+0100][gc,phases    ] GC(1)   Evacuate Collection Set: 16.6ms
[2022-11-10T04:46:48.761+0100][gc,phases    ] GC(1)   Post Evacuate Collection Set: 0.4ms
[2022-11-10T04:46:48.761+0100][gc,phases    ] GC(1)   Other: 0.3ms
[2022-11-10T04:46:48.761+0100][gc,heap      ] GC(1) Eden regions: 26->0(50)
[2022-11-10T04:46:48.761+0100][gc,heap      ] GC(1) Survivor regions: 7->1(7)
[2022-11-10T04:46:48.761+0100][gc,heap      ] GC(1) Old regions: 2->9
[2022-11-10T04:46:48.761+0100][gc,heap      ] GC(1) Humongous regions: 0->0
[2022-11-10T04:46:48.761+0100][gc,metaspace ] GC(1) Metaspace: 20522K->20522K(1067008K)
[2022-11-10T04:46:48.761+0100][gc           ] GC(1) Pause Young (Concurrent Start) (Metadata GC Threshold) 33M->8M(1024M) 17.581ms
[2022-11-10T04:46:48.761+0100][gc,cpu       ] GC(1) User=0.03s Sys=0.01s Real=0.02s
[2022-11-10T04:46:48.761+0100][gc           ] GC(2) Concurrent Cycle
[2022-11-10T04:46:48.761+0100][gc,marking   ] GC(2) Concurrent Clear Claimed Marks
[2022-11-10T04:46:48.761+0100][gc,marking   ] GC(2) Concurrent Clear Claimed Marks 0.043ms
[2022-11-10T04:46:48.761+0100][gc,marking   ] GC(2) Concurrent Scan Root Regions
[2022-11-10T04:46:48.763+0100][gc,marking   ] GC(2) Concurrent Scan Root Regions 1.206ms
[2022-11-10T04:46:48.763+0100][gc,marking   ] GC(2) Concurrent Mark (2.815s)
[2022-11-10T04:46:48.763+0100][gc,marking   ] GC(2) Concurrent Mark From Roots
[2022-11-10T04:46:48.763+0100][gc,task      ] GC(2) Using 1 workers of 1 for marking
[2022-11-10T04:46:48.780+0100][gc,marking   ] GC(2) Concurrent Mark From Roots 16.967ms
[2022-11-10T04:46:48.780+0100][gc,marking   ] GC(2) Concurrent Preclean
[2022-11-10T04:46:48.780+0100][gc,marking   ] GC(2) Concurrent Preclean 0.167ms
[2022-11-10T04:46:48.780+0100][gc,marking   ] GC(2) Concurrent Mark (2.815s, 2.832s) 17.226ms
[2022-11-10T04:46:48.782+0100][gc,start     ] GC(2) Pause Remark
[2022-11-10T04:46:48.787+0100][gc,stringtable] GC(2) Cleaned string and symbol table, strings: 5177 processed, 0 removed, symbols: 51865 processed, 59 removed
[2022-11-10T04:46:48.788+0100][gc            ] GC(2) Pause Remark 9M->9M(1024M) 5.391ms
[2022-11-10T04:46:48.788+0100][gc,cpu        ] GC(2) User=0.01s Sys=0.00s Real=0.00s
[2022-11-10T04:46:48.789+0100][gc,marking    ] GC(2) Concurrent Rebuild Remembered Sets
[2022-11-10T04:46:48.826+0100][gc,marking    ] GC(2) Concurrent Rebuild Remembered Sets 37.758ms
[2022-11-10T04:46:48.826+0100][gc,start      ] GC(2) Pause Cleanup
[2022-11-10T04:46:48.827+0100][gc            ] GC(2) Pause Cleanup 10M->10M(1024M) 0.327ms
[2022-11-10T04:46:48.827+0100][gc,cpu        ] GC(2) User=0.00s Sys=0.00s Real=0.00s
[2022-11-10T04:46:48.827+0100][gc,marking    ] GC(2) Concurrent Cleanup for Next Mark
[2022-11-10T04:46:48.860+0100][gc,marking    ] GC(2) Concurrent Cleanup for Next Mark 33.166ms
[2022-11-10T04:46:48.860+0100][gc            ] GC(2) Concurrent Cycle 98.802ms
[2022-11-10T04:46:51.532+0100][gc,start      ] GC(3) Pause Young (Normal) (G1 Evacuation Pause)
[2022-11-10T04:46:51.532+0100][gc,task       ] GC(3) Using 4 workers of 4 for evacuation
[2022-11-10T04:46:51.543+0100][gc,phases     ] GC(3)   Pre Evacuate Collection Set: 0.1ms
[2022-11-10T04:46:51.543+0100][gc,phases     ] GC(3)   Evacuate Collection Set: 9.4ms
[2022-11-10T04:46:51.543+0100][gc,phases     ] GC(3)   Post Evacuate Collection Set: 1.3ms
[2022-11-10T04:46:51.543+0100][gc,phases     ] GC(3)   Other: 0.2ms
[2022-11-10T04:46:51.543+0100][gc,heap       ] GC(3) Eden regions: 50->0(48)
[2022-11-10T04:46:51.543+0100][gc,heap       ] GC(3) Survivor regions: 1->3(7)
[2022-11-10T04:46:51.543+0100][gc,heap       ] GC(3) Old regions: 9->9
[2022-11-10T04:46:51.543+0100][gc,heap       ] GC(3) Humongous regions: 129->129
[2022-11-10T04:46:51.543+0100][gc,metaspace  ] GC(3) Metaspace: 28654K->28654K(1075200K)
[2022-11-10T04:46:51.544+0100][gc            ] GC(3) Pause Young (Normal) (G1 Evacuation Pause) 187M->139M(1024M) 11.116ms
[2022-11-10T04:46:51.544+0100][gc,cpu        ] GC(3) User=0.02s Sys=0.00s Real=0.01s
[2022-11-10T04:46:52.529+0100][gc,start      ] GC(4) Pause Young (Concurrent Start) (Metadata GC Threshold)
[2022-11-10T04:46:52.529+0100][gc,task       ] GC(4) Using 4 workers of 4 for evacuation
[2022-11-10T04:46:52.547+0100][gc,phases     ] GC(4)   Pre Evacuate Collection Set: 0.2ms
[2022-11-10T04:46:52.547+0100][gc,phases     ] GC(4)   Evacuate Collection Set: 17.4ms
[2022-11-10T04:46:52.547+0100][gc,phases     ] GC(4)   Post Evacuate Collection Set: 0.4ms
[2022-11-10T04:46:52.547+0100][gc,phases     ] GC(4)   Other: 0.5ms
[2022-11-10T04:46:52.548+0100][gc,heap       ] GC(4) Eden regions: 37->0(44)
[2022-11-10T04:46:52.548+0100][gc,heap       ] GC(4) Survivor regions: 3->7(7)
[2022-11-10T04:46:52.548+0100][gc,heap       ] GC(4) Old regions: 9->9
[2022-11-10T04:46:52.548+0100][gc,heap       ] GC(4) Humongous regions: 129->129
[2022-11-10T04:46:52.548+0100][gc,metaspace  ] GC(4) Metaspace: 34490K->34490K(1081344K)
[2022-11-10T04:46:52.548+0100][gc            ] GC(4) Pause Young (Concurrent Start) (Metadata GC Threshold) 176M->142M(1024M) 18.871ms
[2022-11-10T04:46:52.548+0100][gc,cpu        ] GC(4) User=0.03s Sys=0.00s Real=0.02s
[2022-11-10T04:46:52.548+0100][gc            ] GC(5) Concurrent Cycle
[2022-11-10T04:46:52.548+0100][gc,marking    ] GC(5) Concurrent Clear Claimed Marks
[2022-11-10T04:46:52.548+0100][gc,marking    ] GC(5) Concurrent Clear Claimed Marks 0.093ms
[2022-11-10T04:46:52.548+0100][gc,marking    ] GC(5) Concurrent Scan Root Regions
[2022-11-10T04:46:52.555+0100][gc,marking    ] GC(5) Concurrent Scan Root Regions 7.170ms
[2022-11-10T04:46:52.555+0100][gc,marking    ] GC(5) Concurrent Mark (6.607s)
[2022-11-10T04:46:52.555+0100][gc,marking    ] GC(5) Concurrent Mark From Roots
[2022-11-10T04:46:52.555+0100][gc,task       ] GC(5) Using 1 workers of 1 for marking
[2022-11-10T04:46:52.588+0100][gc,marking    ] GC(5) Concurrent Mark From Roots 32.589ms
[2022-11-10T04:46:52.588+0100][gc,marking    ] GC(5) Concurrent Preclean
[2022-11-10T04:46:52.588+0100][gc,marking    ] GC(5) Concurrent Preclean 0.159ms
[2022-11-10T04:46:52.588+0100][gc,marking    ] GC(5) Concurrent Mark (6.607s, 6.640s) 32.830ms
[2022-11-10T04:46:52.588+0100][gc,start      ] GC(5) Pause Remark
[2022-11-10T04:46:52.595+0100][gc,stringtable] GC(5) Cleaned string and symbol table, strings: 10714 processed, 11 removed, symbols: 83030 processed, 15 removed
[2022-11-10T04:46:52.595+0100][gc            ] GC(5) Pause Remark 144M->144M(1024M) 7.097ms
[2022-11-10T04:46:52.595+0100][gc,cpu        ] GC(5) User=0.02s Sys=0.00s Real=0.01s
[2022-11-10T04:46:52.595+0100][gc,marking    ] GC(5) Concurrent Rebuild Remembered Sets
[2022-11-10T04:46:52.602+0100][gc,marking    ] GC(5) Concurrent Rebuild Remembered Sets 6.578ms
[2022-11-10T04:46:52.614+0100][gc,start      ] GC(5) Pause Cleanup
[2022-11-10T04:46:52.615+0100][gc            ] GC(5) Pause Cleanup 144M->144M(1024M) 0.531ms
[2022-11-10T04:46:52.615+0100][gc,cpu        ] GC(5) User=0.00s Sys=0.00s Real=0.00s
[2022-11-10T04:46:52.615+0100][gc,marking    ] GC(5) Concurrent Cleanup for Next Mark
[2022-11-10T04:46:52.633+0100][gc,marking    ] GC(5) Concurrent Cleanup for Next Mark 18.257ms
[2022-11-10T04:46:52.633+0100][gc            ] GC(5) Concurrent Cycle 85.162ms
[2022-11-10T04:48:11.975+0100][gc,start      ] GC(6) Pause Young (Concurrent Start) (G1 Evacuation Pause)
[2022-11-10T04:48:11.976+0100][gc,task       ] GC(6) Using 4 workers of 4 for evacuation
[2022-11-10T04:48:12.005+0100][gc,mmu        ] GC(6) MMU target violated: 21.0ms (20.0ms/21.0ms)
[2022-11-10T04:48:12.005+0100][gc,phases     ] GC(6)   Pre Evacuate Collection Set: 0.2ms
[2022-11-10T04:48:12.005+0100][gc,phases     ] GC(6)   Evacuate Collection Set: 23.6ms
[2022-11-10T04:48:12.005+0100][gc,phases     ] GC(6)   Post Evacuate Collection Set: 1.6ms
[2022-11-10T04:48:12.005+0100][gc,phases     ] GC(6)   Other: 6.9ms
[2022-11-10T04:48:12.005+0100][gc,heap       ] GC(6) Eden regions: 44->0(45)
[2022-11-10T04:48:12.005+0100][gc,heap       ] GC(6) Survivor regions: 7->6(7)
[2022-11-10T04:48:12.005+0100][gc,heap       ] GC(6) Old regions: 9->12
[2022-11-10T04:48:12.005+0100][gc,heap       ] GC(6) Humongous regions: 141->129
[2022-11-10T04:48:12.006+0100][gc,metaspace  ] GC(6) Metaspace: 41298K->41298K(1087488K)
[2022-11-10T04:48:12.006+0100][gc            ] GC(6) Pause Young (Concurrent Start) (G1 Evacuation Pause) 198M->144M(1024M) 31.556ms
[2022-11-10T04:48:12.006+0100][gc,cpu        ] GC(6) User=0.05s Sys=0.01s Real=0.03s
[2022-11-10T04:48:12.006+0100][gc            ] GC(7) Concurrent Cycle
[2022-11-10T04:48:12.006+0100][gc,marking    ] GC(7) Concurrent Clear Claimed Marks
[2022-11-10T04:48:12.006+0100][gc,marking    ] GC(7) Concurrent Clear Claimed Marks 0.192ms
[2022-11-10T04:48:12.006+0100][gc,marking    ] GC(7) Concurrent Scan Root Regions
[2022-11-10T04:48:12.014+0100][gc,marking    ] GC(7) Concurrent Scan Root Regions 7.730ms
[2022-11-10T04:48:12.014+0100][gc,marking    ] GC(7) Concurrent Mark (86.066s)
[2022-11-10T04:48:12.014+0100][gc,marking    ] GC(7) Concurrent Mark From Roots
[2022-11-10T04:48:12.014+0100][gc,task       ] GC(7) Using 1 workers of 1 for marking
[2022-11-10T04:48:12.042+0100][gc,marking    ] GC(7) Concurrent Mark From Roots 27.653ms
[2022-11-10T04:48:12.042+0100][gc,marking    ] GC(7) Concurrent Preclean
[2022-11-10T04:48:12.042+0100][gc,marking    ] GC(7) Concurrent Preclean 0.233ms
[2022-11-10T04:48:12.042+0100][gc,marking    ] GC(7) Concurrent Mark (86.066s, 86.094s) 27.974ms
[2022-11-10T04:48:12.042+0100][gc,start      ] GC(7) Pause Remark
[2022-11-10T04:48:12.047+0100][gc,stringtable] GC(7) Cleaned string and symbol table, strings: 11880 processed, 2 removed, symbols: 92164 processed, 3 removed
[2022-11-10T04:48:12.047+0100][gc            ] GC(7) Pause Remark 145M->145M(1024M) 4.891ms
[2022-11-10T04:48:12.047+0100][gc,cpu        ] GC(7) User=0.01s Sys=0.00s Real=0.00s
[2022-11-10T04:48:12.047+0100][gc,marking    ] GC(7) Concurrent Rebuild Remembered Sets
[2022-11-10T04:48:12.067+0100][gc,marking    ] GC(7) Concurrent Rebuild Remembered Sets 19.373ms
[2022-11-10T04:48:12.067+0100][gc,start      ] GC(7) Pause Cleanup
[2022-11-10T04:48:12.068+0100][gc            ] GC(7) Pause Cleanup 146M->146M(1024M) 0.398ms
[2022-11-10T04:48:12.068+0100][gc,cpu        ] GC(7) User=0.00s Sys=0.00s Real=0.00s
[2022-11-10T04:48:12.068+0100][gc,marking    ] GC(7) Concurrent Cleanup for Next Mark
[2022-11-10T04:48:12.071+0100][gc,marking    ] GC(7) Concurrent Cleanup for Next Mark 3.214ms
[2022-11-10T04:48:12.071+0100][gc            ] GC(7) Concurrent Cycle 64.962ms
