[2022-11-10T05:46:16.470+0100][gc,heap] Heap region size: 1M
[2022-11-10T05:46:16.483+0100][gc     ] Using G1
[2022-11-10T05:46:16.483+0100][gc,heap,coops] Heap address: 0x00000000c0000000, size: 1024 MB, Compressed Oops mode: 32-bit
[2022-11-10T05:46:16.483+0100][gc,cds       ] Mark closed archive regions in map: [0x00000000fff00000, 0x00000000fff6aff8]
[2022-11-10T05:46:16.483+0100][gc,cds       ] Mark open archive regions in map: [0x00000000ffe00000, 0x00000000ffe47ff8]
[2022-11-10T05:46:17.739+0100][gc,start     ] GC(0) Pause Young (Normal) (G1 Evacuation Pause)
[2022-11-10T05:46:17.739+0100][gc,task      ] GC(0) Using 4 workers of 4 for evacuation
[2022-11-10T05:46:17.753+0100][gc,phases    ] GC(0)   Pre Evacuate Collection Set: 0.0ms
[2022-11-10T05:46:17.753+0100][gc,phases    ] GC(0)   Evacuate Collection Set: 13.7ms
[2022-11-10T05:46:17.753+0100][gc,phases    ] GC(0)   Post Evacuate Collection Set: 0.5ms
[2022-11-10T05:46:17.753+0100][gc,phases    ] GC(0)   Other: 0.5ms
[2022-11-10T05:46:17.753+0100][gc,heap      ] GC(0) Eden regions: 51->0(44)
[2022-11-10T05:46:17.753+0100][gc,heap      ] GC(0) Survivor regions: 0->7(7)
[2022-11-10T05:46:17.753+0100][gc,heap      ] GC(0) Old regions: 2->2
[2022-11-10T05:46:17.753+0100][gc,heap      ] GC(0) Humongous regions: 0->0
[2022-11-10T05:46:17.753+0100][gc,metaspace ] GC(0) Metaspace: 14412K->14412K(1062912K)
[2022-11-10T05:46:17.753+0100][gc           ] GC(0) Pause Young (Normal) (G1 Evacuation Pause) 51M->7M(1024M) 14.765ms
[2022-11-10T05:46:17.753+0100][gc,cpu       ] GC(0) User=0.04s Sys=0.01s Real=0.01s
[2022-11-10T05:46:18.295+0100][gc,start     ] GC(1) Pause Young (Concurrent Start) (Metadata GC Threshold)
[2022-11-10T05:46:18.295+0100][gc,task      ] GC(1) Using 4 workers of 4 for evacuation
[2022-11-10T05:46:18.307+0100][gc,phases    ] GC(1)   Pre Evacuate Collection Set: 0.0ms
[2022-11-10T05:46:18.307+0100][gc,phases    ] GC(1)   Evacuate Collection Set: 11.0ms
[2022-11-10T05:46:18.307+0100][gc,phases    ] GC(1)   Post Evacuate Collection Set: 0.5ms
[2022-11-10T05:46:18.307+0100][gc,phases    ] GC(1)   Other: 0.3ms
[2022-11-10T05:46:18.307+0100][gc,heap      ] GC(1) Eden regions: 26->0(49)
[2022-11-10T05:46:18.307+0100][gc,heap      ] GC(1) Survivor regions: 7->2(7)
[2022-11-10T05:46:18.307+0100][gc,heap      ] GC(1) Old regions: 2->9
[2022-11-10T05:46:18.307+0100][gc,heap      ] GC(1) Humongous regions: 0->0
[2022-11-10T05:46:18.307+0100][gc,metaspace ] GC(1) Metaspace: 20612K->20612K(1067008K)
[2022-11-10T05:46:18.307+0100][gc           ] GC(1) Pause Young (Concurrent Start) (Metadata GC Threshold) 33M->8M(1024M) 11.991ms
[2022-11-10T05:46:18.307+0100][gc,cpu       ] GC(1) User=0.02s Sys=0.01s Real=0.01s
[2022-11-10T05:46:18.307+0100][gc           ] GC(2) Concurrent Cycle
[2022-11-10T05:46:18.307+0100][gc,marking   ] GC(2) Concurrent Clear Claimed Marks
[2022-11-10T05:46:18.307+0100][gc,marking   ] GC(2) Concurrent Clear Claimed Marks 0.057ms
[2022-11-10T05:46:18.307+0100][gc,marking   ] GC(2) Concurrent Scan Root Regions
[2022-11-10T05:46:18.308+0100][gc,marking   ] GC(2) Concurrent Scan Root Regions 1.197ms
[2022-11-10T05:46:18.308+0100][gc,marking   ] GC(2) Concurrent Mark (1.861s)
[2022-11-10T05:46:18.308+0100][gc,marking   ] GC(2) Concurrent Mark From Roots
[2022-11-10T05:46:18.308+0100][gc,task      ] GC(2) Using 1 workers of 1 for marking
[2022-11-10T05:46:18.322+0100][gc,marking   ] GC(2) Concurrent Mark From Roots 14.058ms
[2022-11-10T05:46:18.322+0100][gc,marking   ] GC(2) Concurrent Preclean
[2022-11-10T05:46:18.322+0100][gc,marking   ] GC(2) Concurrent Preclean 0.187ms
[2022-11-10T05:46:18.323+0100][gc,marking   ] GC(2) Concurrent Mark (1.861s, 1.876s) 14.323ms
[2022-11-10T05:46:18.323+0100][gc,start     ] GC(2) Pause Remark
[2022-11-10T05:46:18.326+0100][gc,stringtable] GC(2) Cleaned string and symbol table, strings: 5271 processed, 0 removed, symbols: 52184 processed, 60 removed
[2022-11-10T05:46:18.326+0100][gc            ] GC(2) Pause Remark 10M->10M(1024M) 3.682ms
[2022-11-10T05:46:18.326+0100][gc,cpu        ] GC(2) User=0.01s Sys=0.01s Real=0.00s
[2022-11-10T05:46:18.326+0100][gc,marking    ] GC(2) Concurrent Rebuild Remembered Sets
[2022-11-10T05:46:18.334+0100][gc,marking    ] GC(2) Concurrent Rebuild Remembered Sets 7.676ms
[2022-11-10T05:46:18.334+0100][gc,start      ] GC(2) Pause Cleanup
[2022-11-10T05:46:18.335+0100][gc            ] GC(2) Pause Cleanup 10M->10M(1024M) 0.230ms
[2022-11-10T05:46:18.335+0100][gc,cpu        ] GC(2) User=0.00s Sys=0.00s Real=0.00s
[2022-11-10T05:46:18.335+0100][gc,marking    ] GC(2) Concurrent Cleanup for Next Mark
[2022-11-10T05:46:18.346+0100][gc,marking    ] GC(2) Concurrent Cleanup for Next Mark 11.226ms
[2022-11-10T05:46:18.346+0100][gc            ] GC(2) Concurrent Cycle 39.133ms
[2022-11-10T05:46:19.157+0100][gc,start      ] GC(3) Pause Young (Normal) (G1 Evacuation Pause)
[2022-11-10T05:46:19.157+0100][gc,task       ] GC(3) Using 4 workers of 4 for evacuation
[2022-11-10T05:46:19.170+0100][gc,phases     ] GC(3)   Pre Evacuate Collection Set: 0.0ms
[2022-11-10T05:46:19.170+0100][gc,phases     ] GC(3)   Evacuate Collection Set: 12.5ms
[2022-11-10T05:46:19.170+0100][gc,phases     ] GC(3)   Post Evacuate Collection Set: 0.4ms
[2022-11-10T05:46:19.170+0100][gc,phases     ] GC(3)   Other: 0.2ms
[2022-11-10T05:46:19.170+0100][gc,heap       ] GC(3) Eden regions: 49->0(46)
[2022-11-10T05:46:19.170+0100][gc,heap       ] GC(3) Survivor regions: 2->5(7)
[2022-11-10T05:46:19.170+0100][gc,heap       ] GC(3) Old regions: 9->9
[2022-11-10T05:46:19.170+0100][gc,heap       ] GC(3) Humongous regions: 129->129
[2022-11-10T05:46:19.170+0100][gc,metaspace  ] GC(3) Metaspace: 28686K->28686K(1075200K)
[2022-11-10T05:46:19.170+0100][gc            ] GC(3) Pause Young (Normal) (G1 Evacuation Pause) 186M->140M(1024M) 13.213ms
[2022-11-10T05:46:19.170+0100][gc,cpu        ] GC(3) User=0.05s Sys=0.00s Real=0.01s
[2022-11-10T05:46:19.605+0100][gc,start      ] GC(4) Pause Young (Concurrent Start) (GCLocker Initiated GC)
[2022-11-10T05:46:19.605+0100][gc,task       ] GC(4) Using 4 workers of 4 for evacuation
[2022-11-10T05:46:19.616+0100][gc,phases     ] GC(4)   Pre Evacuate Collection Set: 0.1ms
[2022-11-10T05:46:19.617+0100][gc,phases     ] GC(4)   Evacuate Collection Set: 10.8ms
[2022-11-10T05:46:19.617+0100][gc,phases     ] GC(4)   Post Evacuate Collection Set: 0.4ms
[2022-11-10T05:46:19.617+0100][gc,phases     ] GC(4)   Other: 0.3ms
[2022-11-10T05:46:19.617+0100][gc,heap       ] GC(4) Eden regions: 30->0(45)
[2022-11-10T05:46:19.617+0100][gc,heap       ] GC(4) Survivor regions: 5->6(7)
[2022-11-10T05:46:19.617+0100][gc,heap       ] GC(4) Old regions: 9->10
[2022-11-10T05:46:19.617+0100][gc,heap       ] GC(4) Humongous regions: 129->129
[2022-11-10T05:46:19.617+0100][gc,metaspace  ] GC(4) Metaspace: 34443K->34443K(1081344K)
[2022-11-10T05:46:19.617+0100][gc            ] GC(4) Pause Young (Concurrent Start) (GCLocker Initiated GC) 170M->142M(1024M) 11.669ms
[2022-11-10T05:46:19.617+0100][gc,cpu        ] GC(4) User=0.04s Sys=0.00s Real=0.01s
[2022-11-10T05:46:19.617+0100][gc            ] GC(5) Concurrent Cycle
[2022-11-10T05:46:19.617+0100][gc,marking    ] GC(5) Concurrent Clear Claimed Marks
[2022-11-10T05:46:19.617+0100][gc,marking    ] GC(5) Concurrent Clear Claimed Marks 0.100ms
[2022-11-10T05:46:19.617+0100][gc,marking    ] GC(5) Concurrent Scan Root Regions
[2022-11-10T05:46:19.622+0100][gc,marking    ] GC(5) Concurrent Scan Root Regions 5.110ms
[2022-11-10T05:46:19.622+0100][gc,marking    ] GC(5) Concurrent Mark (3.175s)
[2022-11-10T05:46:19.622+0100][gc,marking    ] GC(5) Concurrent Mark From Roots
[2022-11-10T05:46:19.622+0100][gc,task       ] GC(5) Using 1 workers of 1 for marking
[2022-11-10T05:46:19.642+0100][gc,marking    ] GC(5) Concurrent Mark From Roots 20.408ms
[2022-11-10T05:46:19.642+0100][gc,marking    ] GC(5) Concurrent Preclean
[2022-11-10T05:46:19.643+0100][gc,marking    ] GC(5) Concurrent Preclean 0.171ms
[2022-11-10T05:46:19.643+0100][gc,marking    ] GC(5) Concurrent Mark (3.175s, 3.196s) 20.668ms
[2022-11-10T05:46:19.645+0100][gc,start      ] GC(5) Pause Remark
[2022-11-10T05:46:19.649+0100][gc,stringtable] GC(5) Cleaned string and symbol table, strings: 10678 processed, 13 removed, symbols: 84358 processed, 13 removed
[2022-11-10T05:46:19.649+0100][gc            ] GC(5) Pause Remark 145M->145M(1024M) 4.163ms
[2022-11-10T05:46:19.649+0100][gc,cpu        ] GC(5) User=0.01s Sys=0.00s Real=0.00s
[2022-11-10T05:46:19.649+0100][gc,marking    ] GC(5) Concurrent Rebuild Remembered Sets
[2022-11-10T05:46:19.662+0100][gc,marking    ] GC(5) Concurrent Rebuild Remembered Sets 12.416ms
[2022-11-10T05:46:19.663+0100][gc,start      ] GC(5) Pause Cleanup
[2022-11-10T05:46:19.663+0100][gc            ] GC(5) Pause Cleanup 146M->146M(1024M) 0.263ms
[2022-11-10T05:46:19.664+0100][gc,cpu        ] GC(5) User=0.00s Sys=0.00s Real=0.00s
[2022-11-10T05:46:19.664+0100][gc,marking    ] GC(5) Concurrent Cleanup for Next Mark
[2022-11-10T05:46:19.690+0100][gc,marking    ] GC(5) Concurrent Cleanup for Next Mark 26.910ms
[2022-11-10T05:46:19.691+0100][gc            ] GC(5) Concurrent Cycle 73.900ms
[2022-11-10T05:47:19.654+0100][gc,start      ] GC(6) Pause Young (Concurrent Start) (G1 Evacuation Pause)
[2022-11-10T05:47:19.654+0100][gc,task       ] GC(6) Using 4 workers of 4 for evacuation
[2022-11-10T05:47:19.665+0100][gc,phases     ] GC(6)   Pre Evacuate Collection Set: 0.2ms
[2022-11-10T05:47:19.665+0100][gc,phases     ] GC(6)   Evacuate Collection Set: 9.6ms
[2022-11-10T05:47:19.665+0100][gc,phases     ] GC(6)   Post Evacuate Collection Set: 0.8ms
[2022-11-10T05:47:19.665+0100][gc,phases     ] GC(6)   Other: 0.3ms
[2022-11-10T05:47:19.665+0100][gc,heap       ] GC(6) Eden regions: 45->0(46)
[2022-11-10T05:47:19.665+0100][gc,heap       ] GC(6) Survivor regions: 6->5(7)
[2022-11-10T05:47:19.665+0100][gc,heap       ] GC(6) Old regions: 10->13
[2022-11-10T05:47:19.665+0100][gc,heap       ] GC(6) Humongous regions: 129->129
[2022-11-10T05:47:19.665+0100][gc,metaspace  ] GC(6) Metaspace: 41934K->41934K(1087488K)
[2022-11-10T05:47:19.665+0100][gc            ] GC(6) Pause Young (Concurrent Start) (G1 Evacuation Pause) 187M->144M(1024M) 10.880ms
[2022-11-10T05:47:19.665+0100][gc,cpu        ] GC(6) User=0.03s Sys=0.00s Real=0.01s
[2022-11-10T05:47:19.665+0100][gc            ] GC(7) Concurrent Cycle
[2022-11-10T05:47:19.665+0100][gc,marking    ] GC(7) Concurrent Clear Claimed Marks
[2022-11-10T05:47:19.665+0100][gc,marking    ] GC(7) Concurrent Clear Claimed Marks 0.217ms
[2022-11-10T05:47:19.665+0100][gc,marking    ] GC(7) Concurrent Scan Root Regions
[2022-11-10T05:47:19.669+0100][gc,marking    ] GC(7) Concurrent Scan Root Regions 3.984ms
[2022-11-10T05:47:19.669+0100][gc,marking    ] GC(7) Concurrent Mark (63.223s)
[2022-11-10T05:47:19.669+0100][gc,marking    ] GC(7) Concurrent Mark From Roots
[2022-11-10T05:47:19.669+0100][gc,task       ] GC(7) Using 1 workers of 1 for marking
[2022-11-10T05:47:19.684+0100][gc,marking    ] GC(7) Concurrent Mark From Roots 14.320ms
[2022-11-10T05:47:19.684+0100][gc,marking    ] GC(7) Concurrent Preclean
[2022-11-10T05:47:19.684+0100][gc,marking    ] GC(7) Concurrent Preclean 0.124ms
[2022-11-10T05:47:19.684+0100][gc,marking    ] GC(7) Concurrent Mark (63.223s, 63.237s) 14.511ms
[2022-11-10T05:47:19.684+0100][gc,start      ] GC(7) Pause Remark
[2022-11-10T05:47:19.688+0100][gc,stringtable] GC(7) Cleaned string and symbol table, strings: 11906 processed, 3 removed, symbols: 92415 processed, 5 removed
[2022-11-10T05:47:19.688+0100][gc            ] GC(7) Pause Remark 145M->145M(1024M) 3.683ms
[2022-11-10T05:47:19.688+0100][gc,cpu        ] GC(7) User=0.01s Sys=0.00s Real=0.00s
[2022-11-10T05:47:19.688+0100][gc,marking    ] GC(7) Concurrent Rebuild Remembered Sets
[2022-11-10T05:47:19.696+0100][gc,marking    ] GC(7) Concurrent Rebuild Remembered Sets 8.146ms
[2022-11-10T05:47:19.696+0100][gc,start      ] GC(7) Pause Cleanup
[2022-11-10T05:47:19.697+0100][gc            ] GC(7) Pause Cleanup 145M->145M(1024M) 0.257ms
[2022-11-10T05:47:19.697+0100][gc,cpu        ] GC(7) User=0.00s Sys=0.00s Real=0.00s
[2022-11-10T05:47:19.697+0100][gc,marking    ] GC(7) Concurrent Cleanup for Next Mark
[2022-11-10T05:47:19.698+0100][gc,marking    ] GC(7) Concurrent Cleanup for Next Mark 1.179ms
[2022-11-10T05:47:19.698+0100][gc            ] GC(7) Concurrent Cycle 32.768ms
[2022-11-10T06:00:50.263+0100][gc,start      ] GC(8) Pause Young (Normal) (G1 Evacuation Pause)
[2022-11-10T06:00:50.263+0100][gc,task       ] GC(8) Using 4 workers of 4 for evacuation
[2022-11-10T06:00:50.279+0100][gc,phases     ] GC(8)   Pre Evacuate Collection Set: 0.3ms
[2022-11-10T06:00:50.279+0100][gc,phases     ] GC(8)   Evacuate Collection Set: 14.9ms
[2022-11-10T06:00:50.279+0100][gc,phases     ] GC(8)   Post Evacuate Collection Set: 0.5ms
[2022-11-10T06:00:50.279+0100][gc,phases     ] GC(8)   Other: 0.3ms
[2022-11-10T06:00:50.279+0100][gc,heap       ] GC(8) Eden regions: 46->0(45)
[2022-11-10T06:00:50.279+0100][gc,heap       ] GC(8) Survivor regions: 5->6(7)
[2022-11-10T06:00:50.279+0100][gc,heap       ] GC(8) Old regions: 13->15
[2022-11-10T06:00:50.279+0100][gc,heap       ] GC(8) Humongous regions: 129->129
[2022-11-10T06:00:50.279+0100][gc,metaspace  ] GC(8) Metaspace: 43675K->43675K(1089536K)
[2022-11-10T06:00:50.279+0100][gc            ] GC(8) Pause Young (Normal) (G1 Evacuation Pause) 190M->147M(1024M) 16.132ms
[2022-11-10T06:00:50.279+0100][gc,cpu        ] GC(8) User=0.05s Sys=0.00s Real=0.01s
[2022-11-10T06:15:23.571+0100][gc,start      ] GC(9) Pause Young (Normal) (G1 Evacuation Pause)
[2022-11-10T06:15:23.571+0100][gc,task       ] GC(9) Using 4 workers of 4 for evacuation
[2022-11-10T06:15:23.580+0100][gc,phases     ] GC(9)   Pre Evacuate Collection Set: 0.0ms
[2022-11-10T06:15:23.580+0100][gc,phases     ] GC(9)   Evacuate Collection Set: 8.3ms
[2022-11-10T06:15:23.580+0100][gc,phases     ] GC(9)   Post Evacuate Collection Set: 0.6ms
[2022-11-10T06:15:23.580+0100][gc,phases     ] GC(9)   Other: 0.3ms
[2022-11-10T06:15:23.580+0100][gc,heap       ] GC(9) Eden regions: 45->0(48)
[2022-11-10T06:15:23.580+0100][gc,heap       ] GC(9) Survivor regions: 6->3(7)
[2022-11-10T06:15:23.580+0100][gc,heap       ] GC(9) Old regions: 15->17
[2022-11-10T06:15:23.580+0100][gc,heap       ] GC(9) Humongous regions: 129->129
[2022-11-10T06:15:23.580+0100][gc,metaspace  ] GC(9) Metaspace: 43947K->43947K(1089536K)
[2022-11-10T06:15:23.580+0100][gc            ] GC(9) Pause Young (Normal) (G1 Evacuation Pause) 192M->147M(1024M) 9.430ms
[2022-11-10T06:15:23.580+0100][gc,cpu        ] GC(9) User=0.03s Sys=0.00s Real=0.01s
[2022-11-10T06:30:37.852+0100][gc,start      ] GC(10) Pause Young (Normal) (G1 Evacuation Pause)
[2022-11-10T06:30:37.853+0100][gc,task       ] GC(10) Using 4 workers of 4 for evacuation
[2022-11-10T06:30:37.876+0100][gc,mmu        ] GC(10) MMU target violated: 21.0ms (20.0ms/21.0ms)
[2022-11-10T06:30:37.876+0100][gc,phases     ] GC(10)   Pre Evacuate Collection Set: 0.2ms
[2022-11-10T06:30:37.876+0100][gc,phases     ] GC(10)   Evacuate Collection Set: 19.9ms
[2022-11-10T06:30:37.876+0100][gc,phases     ] GC(10)   Post Evacuate Collection Set: 2.4ms
[2022-11-10T06:30:37.876+0100][gc,phases     ] GC(10)   Other: 1.2ms
[2022-11-10T06:30:37.876+0100][gc,heap       ] GC(10) Eden regions: 48->0(48)
[2022-11-10T06:30:37.877+0100][gc,heap       ] GC(10) Survivor regions: 3->3(7)
[2022-11-10T06:30:37.877+0100][gc,heap       ] GC(10) Old regions: 17->17
[2022-11-10T06:30:37.877+0100][gc,heap       ] GC(10) Humongous regions: 129->129
[2022-11-10T06:30:37.877+0100][gc,metaspace  ] GC(10) Metaspace: 44749K->44749K(1089536K)
[2022-11-10T06:30:37.877+0100][gc            ] GC(10) Pause Young (Normal) (G1 Evacuation Pause) 195M->147M(1024M) 24.686ms
[2022-11-10T06:30:37.877+0100][gc,cpu        ] GC(10) User=0.03s Sys=0.00s Real=0.03s
[2022-11-10T06:30:41.853+0100][gc,heap,exit  ] Heap
[2022-11-10T06:30:41.853+0100][gc,heap,exit  ]  garbage-first heap   total 1048576K, used 161852K [0x00000000c0000000, 0x0000000100000000)
[2022-11-10T06:30:41.853+0100][gc,heap,exit  ]   region size 1024K, 15 young (15360K), 3 survivors (3072K)
[2022-11-10T06:30:41.853+0100][gc,heap,exit  ]  Metaspace       used 45623K, capacity 48613K, committed 48768K, reserved 1089536K
[2022-11-10T06:30:41.853+0100][gc,heap,exit  ]   class space    used 6299K, capacity 7724K, committed 7808K, reserved 1048576K
