[2022-11-10T11:10:21.184+0100][gc,heap] Heap region size: 1M
[2022-11-10T11:10:21.197+0100][gc     ] Using G1
[2022-11-10T11:10:21.197+0100][gc,heap,coops] Heap address: 0x00000000c0000000, size: 1024 MB, Compressed Oops mode: 32-bit
[2022-11-10T11:10:21.197+0100][gc,cds       ] Mark closed archive regions in map: [0x00000000fff00000, 0x00000000fff6aff8]
[2022-11-10T11:10:21.197+0100][gc,cds       ] Mark open archive regions in map: [0x00000000ffe00000, 0x00000000ffe47ff8]
[2022-11-10T11:10:22.366+0100][gc,start     ] GC(0) Pause Young (Normal) (G1 Evacuation Pause)
[2022-11-10T11:10:22.367+0100][gc,task      ] GC(0) Using 4 workers of 4 for evacuation
[2022-11-10T11:10:22.380+0100][gc,phases    ] GC(0)   Pre Evacuate Collection Set: 0.0ms
[2022-11-10T11:10:22.380+0100][gc,phases    ] GC(0)   Evacuate Collection Set: 12.5ms
[2022-11-10T11:10:22.380+0100][gc,phases    ] GC(0)   Post Evacuate Collection Set: 0.5ms
[2022-11-10T11:10:22.380+0100][gc,phases    ] GC(0)   Other: 0.8ms
[2022-11-10T11:10:22.380+0100][gc,heap      ] GC(0) Eden regions: 51->0(44)
[2022-11-10T11:10:22.380+0100][gc,heap      ] GC(0) Survivor regions: 0->7(7)
[2022-11-10T11:10:22.380+0100][gc,heap      ] GC(0) Old regions: 2->2
[2022-11-10T11:10:22.380+0100][gc,heap      ] GC(0) Humongous regions: 0->0
[2022-11-10T11:10:22.380+0100][gc,metaspace ] GC(0) Metaspace: 14358K(15104K)->14358K(15104K) NonClass: 12351K(12800K)->12351K(12800K) Class: 2007K(2304K)->2007K(2304K)
[2022-11-10T11:10:22.380+0100][gc           ] GC(0) Pause Young (Normal) (G1 Evacuation Pause) 51M->7M(1024M) 13.998ms
[2022-11-10T11:10:22.380+0100][gc,cpu       ] GC(0) User=0.03s Sys=0.00s Real=0.01s
[2022-11-10T11:10:22.805+0100][gc,start     ] GC(1) Pause Young (Concurrent Start) (Metadata GC Threshold)
[2022-11-10T11:10:22.805+0100][gc,task      ] GC(1) Using 4 workers of 4 for evacuation
[2022-11-10T11:10:22.817+0100][gc,phases    ] GC(1)   Pre Evacuate Collection Set: 0.1ms
[2022-11-10T11:10:22.817+0100][gc,phases    ] GC(1)   Evacuate Collection Set: 11.1ms
[2022-11-10T11:10:22.817+0100][gc,phases    ] GC(1)   Post Evacuate Collection Set: 0.5ms
[2022-11-10T11:10:22.817+0100][gc,phases    ] GC(1)   Other: 0.3ms
[2022-11-10T11:10:22.817+0100][gc,heap      ] GC(1) Eden regions: 26->0(49)
[2022-11-10T11:10:22.817+0100][gc,heap      ] GC(1) Survivor regions: 7->2(7)
[2022-11-10T11:10:22.817+0100][gc,heap      ] GC(1) Old regions: 2->9
[2022-11-10T11:10:22.818+0100][gc,heap      ] GC(1) Humongous regions: 0->0
[2022-11-10T11:10:22.818+0100][gc,metaspace ] GC(1) Metaspace: 20482K(21248K)->20482K(21248K) NonClass: 17731K(18176K)->17731K(18176K) Class: 2750K(3072K)->2750K(3072K)
[2022-11-10T11:10:22.818+0100][gc           ] GC(1) Pause Young (Concurrent Start) (Metadata GC Threshold) 32M->8M(1024M) 12.153ms
[2022-11-10T11:10:22.818+0100][gc,cpu       ] GC(1) User=0.04s Sys=0.01s Real=0.02s
[2022-11-10T11:10:22.818+0100][gc           ] GC(2) Concurrent Cycle
[2022-11-10T11:10:22.818+0100][gc,marking   ] GC(2) Concurrent Clear Claimed Marks
[2022-11-10T11:10:22.818+0100][gc,marking   ] GC(2) Concurrent Clear Claimed Marks 0.055ms
[2022-11-10T11:10:22.818+0100][gc,marking   ] GC(2) Concurrent Scan Root Regions
[2022-11-10T11:10:22.819+0100][gc,marking   ] GC(2) Concurrent Scan Root Regions 1.134ms
[2022-11-10T11:10:22.819+0100][gc,marking   ] GC(2) Concurrent Mark (1.639s)
[2022-11-10T11:10:22.819+0100][gc,marking   ] GC(2) Concurrent Mark From Roots
[2022-11-10T11:10:22.819+0100][gc,task      ] GC(2) Using 1 workers of 1 for marking
[2022-11-10T11:10:22.833+0100][gc,marking   ] GC(2) Concurrent Mark From Roots 14.563ms
[2022-11-10T11:10:22.834+0100][gc,marking   ] GC(2) Concurrent Preclean
[2022-11-10T11:10:22.834+0100][gc,marking   ] GC(2) Concurrent Preclean 0.131ms
[2022-11-10T11:10:22.834+0100][gc,marking   ] GC(2) Concurrent Mark (1.639s, 1.654s) 14.762ms
[2022-11-10T11:10:22.834+0100][gc,start     ] GC(2) Pause Remark
[2022-11-10T11:10:22.837+0100][gc,stringtable] GC(2) Cleaned string and symbol table, strings: 5198 processed, 0 removed, symbols: 51968 processed, 59 removed
[2022-11-10T11:10:22.837+0100][gc            ] GC(2) Pause Remark 10M->10M(1024M) 3.187ms
[2022-11-10T11:10:22.837+0100][gc,cpu        ] GC(2) User=0.01s Sys=0.00s Real=0.00s
[2022-11-10T11:10:22.837+0100][gc,marking    ] GC(2) Concurrent Rebuild Remembered Sets
[2022-11-10T11:10:22.845+0100][gc,marking    ] GC(2) Concurrent Rebuild Remembered Sets 7.804ms
[2022-11-10T11:10:22.845+0100][gc,start      ] GC(2) Pause Cleanup
[2022-11-10T11:10:22.846+0100][gc            ] GC(2) Pause Cleanup 10M->10M(1024M) 0.499ms
[2022-11-10T11:10:22.846+0100][gc,cpu        ] GC(2) User=0.00s Sys=0.00s Real=0.01s
[2022-11-10T11:10:22.846+0100][gc,marking    ] GC(2) Concurrent Cleanup for Next Mark
[2022-11-10T11:10:22.860+0100][gc,marking    ] GC(2) Concurrent Cleanup for Next Mark 14.025ms
[2022-11-10T11:10:22.860+0100][gc            ] GC(2) Concurrent Cycle 42.513ms
[2022-11-10T11:10:23.848+0100][gc,start      ] GC(3) Pause Young (Normal) (G1 Evacuation Pause)
[2022-11-10T11:10:23.848+0100][gc,task       ] GC(3) Using 4 workers of 4 for evacuation
[2022-11-10T11:10:23.852+0100][gc,phases     ] GC(3)   Pre Evacuate Collection Set: 0.0ms
[2022-11-10T11:10:23.852+0100][gc,phases     ] GC(3)   Evacuate Collection Set: 3.3ms
[2022-11-10T11:10:23.852+0100][gc,phases     ] GC(3)   Post Evacuate Collection Set: 0.4ms
[2022-11-10T11:10:23.852+0100][gc,phases     ] GC(3)   Other: 0.2ms
[2022-11-10T11:10:23.852+0100][gc,heap       ] GC(3) Eden regions: 49->0(47)
[2022-11-10T11:10:23.852+0100][gc,heap       ] GC(3) Survivor regions: 2->4(7)
[2022-11-10T11:10:23.852+0100][gc,heap       ] GC(3) Old regions: 9->9
[2022-11-10T11:10:23.852+0100][gc,heap       ] GC(3) Humongous regions: 129->129
[2022-11-10T11:10:23.852+0100][gc,metaspace  ] GC(3) Metaspace: 29416K(30720K)->29416K(30720K) NonClass: 25652K(26368K)->25652K(26368K) Class: 3764K(4352K)->3764K(4352K)
[2022-11-10T11:10:23.852+0100][gc            ] GC(3) Pause Young (Normal) (G1 Evacuation Pause) 186M->139M(1024M) 4.059ms
[2022-11-10T11:10:23.852+0100][gc,cpu        ] GC(3) User=0.02s Sys=0.00s Real=0.00s
[2022-11-10T11:10:24.505+0100][gc,start      ] GC(4) Pause Young (Concurrent Start) (Metadata GC Threshold)
[2022-11-10T11:10:24.505+0100][gc,task       ] GC(4) Using 4 workers of 4 for evacuation
[2022-11-10T11:10:24.517+0100][gc,phases     ] GC(4)   Pre Evacuate Collection Set: 0.1ms
[2022-11-10T11:10:24.517+0100][gc,phases     ] GC(4)   Evacuate Collection Set: 10.8ms
[2022-11-10T11:10:24.517+0100][gc,phases     ] GC(4)   Post Evacuate Collection Set: 0.7ms
[2022-11-10T11:10:24.517+0100][gc,phases     ] GC(4)   Other: 0.3ms
[2022-11-10T11:10:24.517+0100][gc,heap       ] GC(4) Eden regions: 32->0(44)
[2022-11-10T11:10:24.517+0100][gc,heap       ] GC(4) Survivor regions: 4->7(7)
[2022-11-10T11:10:24.517+0100][gc,heap       ] GC(4) Old regions: 9->9
[2022-11-10T11:10:24.517+0100][gc,heap       ] GC(4) Humongous regions: 129->129
[2022-11-10T11:10:24.517+0100][gc,metaspace  ] GC(4) Metaspace: 34481K(35840K)->34481K(35840K) NonClass: 30101K(30848K)->30101K(30848K) Class: 4380K(4992K)->4380K(4992K)
[2022-11-10T11:10:24.517+0100][gc            ] GC(4) Pause Young (Concurrent Start) (Metadata GC Threshold) 171M->142M(1024M) 12.039ms
[2022-11-10T11:10:24.517+0100][gc,cpu        ] GC(4) User=0.04s Sys=0.00s Real=0.01s
[2022-11-10T11:10:24.517+0100][gc            ] GC(5) Concurrent Cycle
[2022-11-10T11:10:24.517+0100][gc,marking    ] GC(5) Concurrent Clear Claimed Marks
[2022-11-10T11:10:24.517+0100][gc,marking    ] GC(5) Concurrent Clear Claimed Marks 0.206ms
[2022-11-10T11:10:24.517+0100][gc,marking    ] GC(5) Concurrent Scan Root Regions
[2022-11-10T11:10:24.525+0100][gc,marking    ] GC(5) Concurrent Scan Root Regions 7.396ms
[2022-11-10T11:10:24.525+0100][gc,marking    ] GC(5) Concurrent Mark (3.345s)
[2022-11-10T11:10:24.525+0100][gc,marking    ] GC(5) Concurrent Mark From Roots
[2022-11-10T11:10:24.525+0100][gc,task       ] GC(5) Using 1 workers of 1 for marking
[2022-11-10T11:10:24.541+0100][gc,marking    ] GC(5) Concurrent Mark From Roots 15.858ms
[2022-11-10T11:10:24.541+0100][gc,marking    ] GC(5) Concurrent Preclean
[2022-11-10T11:10:24.541+0100][gc,marking    ] GC(5) Concurrent Preclean 0.251ms
[2022-11-10T11:10:24.541+0100][gc,marking    ] GC(5) Concurrent Mark (3.345s, 3.361s) 16.210ms
[2022-11-10T11:10:24.541+0100][gc,start      ] GC(5) Pause Remark
[2022-11-10T11:10:24.547+0100][gc,stringtable] GC(5) Cleaned string and symbol table, strings: 10694 processed, 12 removed, symbols: 83039 processed, 15 removed
[2022-11-10T11:10:24.547+0100][gc            ] GC(5) Pause Remark 143M->143M(1024M) 5.685ms
[2022-11-10T11:10:24.547+0100][gc,cpu        ] GC(5) User=0.02s Sys=0.00s Real=0.01s
[2022-11-10T11:10:24.547+0100][gc,marking    ] GC(5) Concurrent Rebuild Remembered Sets
[2022-11-10T11:10:24.555+0100][gc,marking    ] GC(5) Concurrent Rebuild Remembered Sets 7.521ms
[2022-11-10T11:10:24.555+0100][gc,start      ] GC(5) Pause Cleanup
[2022-11-10T11:10:24.555+0100][gc            ] GC(5) Pause Cleanup 144M->144M(1024M) 0.269ms
[2022-11-10T11:10:24.555+0100][gc,cpu        ] GC(5) User=0.00s Sys=0.00s Real=0.00s
[2022-11-10T11:10:24.555+0100][gc,marking    ] GC(5) Concurrent Cleanup for Next Mark
[2022-11-10T11:10:24.571+0100][gc,marking    ] GC(5) Concurrent Cleanup for Next Mark 15.334ms
[2022-11-10T11:10:24.571+0100][gc            ] GC(5) Concurrent Cycle 53.528ms
[2022-11-10T11:18:05.026+0100][gc,start      ] GC(6) Pause Young (Normal) (G1 Evacuation Pause)
[2022-11-10T11:18:05.026+0100][gc,task       ] GC(6) Using 4 workers of 4 for evacuation
[2022-11-10T11:18:05.036+0100][gc,phases     ] GC(6)   Pre Evacuate Collection Set: 0.1ms
[2022-11-10T11:18:05.036+0100][gc,phases     ] GC(6)   Evacuate Collection Set: 8.8ms
[2022-11-10T11:18:05.036+0100][gc,phases     ] GC(6)   Post Evacuate Collection Set: 0.6ms
[2022-11-10T11:18:05.036+0100][gc,phases     ] GC(6)   Other: 0.3ms
[2022-11-10T11:18:05.036+0100][gc,heap       ] GC(6) Eden regions: 44->0(45)
[2022-11-10T11:18:05.036+0100][gc,heap       ] GC(6) Survivor regions: 7->6(7)
[2022-11-10T11:18:05.036+0100][gc,heap       ] GC(6) Old regions: 9->12
[2022-11-10T11:18:05.036+0100][gc,heap       ] GC(6) Humongous regions: 129->129
[2022-11-10T11:18:05.036+0100][gc,metaspace  ] GC(6) Metaspace: 40533K(42752K)->40533K(42752K) NonClass: 35201K(36352K)->35201K(36352K) Class: 5332K(6400K)->5332K(6400K)
[2022-11-10T11:18:05.036+0100][gc            ] GC(6) Pause Young (Normal) (G1 Evacuation Pause) 186M->144M(1024M) 9.895ms
[2022-11-10T11:18:05.036+0100][gc,cpu        ] GC(6) User=0.03s Sys=0.00s Real=0.00s
[2022-11-10T19:29:34.920+0100][gc,heap,exit  ] Heap
[2022-11-10T19:29:34.920+0100][gc,heap,exit  ]  garbage-first heap   total 1048576K, used 166240K [0x00000000c0000000, 0x0000000100000000)
[2022-11-10T19:29:34.920+0100][gc,heap,exit  ]   region size 1024K, 26 young (26624K), 6 survivors (6144K)
[2022-11-10T19:29:34.920+0100][gc,heap,exit  ]  Metaspace       used 41828K, capacity 44168K, committed 44288K, reserved 1087488K
[2022-11-10T19:29:34.920+0100][gc,heap,exit  ]   class space    used 5513K, capacity 6594K, committed 6656K, reserved 1048576K
