[2022-11-10T04:21:35.258+0100][gc,heap] Heap region size: 1M
[2022-11-10T04:21:35.266+0100][gc     ] Using G1
[2022-11-10T04:21:35.266+0100][gc,heap,coops] Heap address: 0x00000000e0000000, size: 512 MB, Compressed Oops mode: 32-bit
[2022-11-10T04:21:35.267+0100][gc,cds       ] Mark closed archive regions in map: [0x00000000fff00000, 0x00000000fff6aff8]
[2022-11-10T04:21:35.267+0100][gc,cds       ] Mark open archive regions in map: [0x00000000ffe00000, 0x00000000ffe47ff8]
[2022-11-10T04:21:36.581+0100][gc,start     ] GC(0) Pause Young (Normal) (G1 Evacuation Pause)
[2022-11-10T04:21:36.606+0100][gc,task      ] GC(0) Using 4 workers of 4 for evacuation
[2022-11-10T04:21:36.623+0100][gc,phases    ] GC(0)   Pre Evacuate Collection Set: 0.0ms
[2022-11-10T04:21:36.623+0100][gc,phases    ] GC(0)   Evacuate Collection Set: 16.2ms
[2022-11-10T04:21:36.623+0100][gc,phases    ] GC(0)   Post Evacuate Collection Set: 0.5ms
[2022-11-10T04:21:36.623+0100][gc,phases    ] GC(0)   Other: 25.2ms
[2022-11-10T04:21:36.623+0100][gc,heap      ] GC(0) Eden regions: 25->0(21)
[2022-11-10T04:21:36.623+0100][gc,heap      ] GC(0) Survivor regions: 0->4(4)
[2022-11-10T04:21:36.623+0100][gc,heap      ] GC(0) Old regions: 2->5
[2022-11-10T04:21:36.623+0100][gc,heap      ] GC(0) Humongous regions: 0->0
[2022-11-10T04:21:36.623+0100][gc,metaspace ] GC(0) Metaspace: 7423K->7423K(1056768K)
[2022-11-10T04:21:36.623+0100][gc           ] GC(0) Pause Young (Normal) (G1 Evacuation Pause) 25M->7M(512M) 42.066ms
[2022-11-10T04:21:36.623+0100][gc,cpu       ] GC(0) User=0.03s Sys=0.00s Real=0.04s
[2022-11-10T05:12:25.860+0100][gc,heap,exit ] Heap
[2022-11-10T05:12:25.870+0100][gc,heap,exit ]  garbage-first heap   total 524288K, used 27143K [0x00000000e0000000, 0x0000000100000000)
[2022-11-10T05:12:25.870+0100][gc,heap,exit ]   region size 1024K, 24 young (24576K), 4 survivors (4096K)
[2022-11-10T05:12:25.870+0100][gc,heap,exit ]  Metaspace       used 9349K, capacity 9758K, committed 9856K, reserved 1058816K
[2022-11-10T05:12:25.870+0100][gc,heap,exit ]   class space    used 982K, capacity 1152K, committed 1152K, reserved 1048576K
