[2022-11-10T11:09:22.810+0100][gc,heap] Heap region size: 1M
[2022-11-10T11:09:22.817+0100][gc     ] Using G1
[2022-11-10T11:09:22.817+0100][gc,heap,coops] Heap address: 0x00000000e0000000, size: 512 MB, Compressed Oops mode: 32-bit
[2022-11-10T11:09:22.818+0100][gc,cds       ] Mark closed archive regions in map: [0x00000000fff00000, 0x00000000fff6aff8]
[2022-11-10T11:09:22.818+0100][gc,cds       ] Mark open archive regions in map: [0x00000000ffe00000, 0x00000000ffe47ff8]
[2022-11-10T11:09:23.495+0100][gc,start     ] GC(0) Pause Young (Normal) (G1 Evacuation Pause)
[2022-11-10T11:09:23.496+0100][gc,task      ] GC(0) Using 4 workers of 4 for evacuation
[2022-11-10T11:09:23.506+0100][gc,phases    ] GC(0)   Pre Evacuate Collection Set: 0.0ms
[2022-11-10T11:09:23.506+0100][gc,phases    ] GC(0)   Evacuate Collection Set: 9.9ms
[2022-11-10T11:09:23.506+0100][gc,phases    ] GC(0)   Post Evacuate Collection Set: 0.3ms
[2022-11-10T11:09:23.507+0100][gc,phases    ] GC(0)   Other: 0.8ms
[2022-11-10T11:09:23.507+0100][gc,heap      ] GC(0) Eden regions: 25->0(21)
[2022-11-10T11:09:23.507+0100][gc,heap      ] GC(0) Survivor regions: 0->4(4)
[2022-11-10T11:09:23.507+0100][gc,heap      ] GC(0) Old regions: 2->5
[2022-11-10T11:09:23.507+0100][gc,heap      ] GC(0) Humongous regions: 0->0
[2022-11-10T11:09:23.507+0100][gc,metaspace ] GC(0) Metaspace: 7402K(7936K)->7402K(7936K) NonClass: 6575K(6912K)->6575K(6912K) Class: 826K(1024K)->826K(1024K)
[2022-11-10T11:09:23.507+0100][gc           ] GC(0) Pause Young (Normal) (G1 Evacuation Pause) 25M->7M(512M) 11.100ms
[2022-11-10T11:09:23.507+0100][gc,cpu       ] GC(0) User=0.03s Sys=0.00s Real=0.02s
[2022-11-10T19:29:39.230+0100][gc,heap,exit ] Heap
[2022-11-10T19:29:39.230+0100][gc,heap,exit ]  garbage-first heap   total 524288K, used 23097K [0x00000000e0000000, 0x0000000100000000)
[2022-11-10T19:29:39.230+0100][gc,heap,exit ]   region size 1024K, 20 young (20480K), 4 survivors (4096K)
[2022-11-10T19:29:39.230+0100][gc,heap,exit ]  Metaspace       used 9285K, capacity 9647K, committed 9856K, reserved 1058816K
[2022-11-10T19:29:39.230+0100][gc,heap,exit ]   class space    used 977K, capacity 1120K, committed 1152K, reserved 1048576K
